Archive member included to satisfy reference by file (symbol)

/Applications/STM32CubeIDE.app/Contents/Eclipse/plugins/com.st.stm32cube.ide.mcu.externaltools.gnu-tools-for-stm32.13.3.rel1.macos64_1.0.0.202411102158/tools/bin/../lib/gcc/arm-none-eabi/13.3.1/../../../../arm-none-eabi/lib/thumb/v8-m.main+fp/hard/libc_nano.a(libc_a-exit.o)
                              /Applications/STM32CubeIDE.app/Contents/Eclipse/plugins/com.st.stm32cube.ide.mcu.externaltools.gnu-tools-for-stm32.13.3.rel1.macos64_1.0.0.202411102158/tools/bin/../lib/gcc/arm-none-eabi/13.3.1/../../../../arm-none-eabi/lib/thumb/v8-m.main+fp/hard/crt0.o (exit)
/Applications/STM32CubeIDE.app/Contents/Eclipse/plugins/com.st.stm32cube.ide.mcu.externaltools.gnu-tools-for-stm32.13.3.rel1.macos64_1.0.0.202411102158/tools/bin/../lib/gcc/arm-none-eabi/13.3.1/../../../../arm-none-eabi/lib/thumb/v8-m.main+fp/hard/libc_nano.a(libc_a-snprintf.o)
                              ./Core/Src/main.o (snprintf)
/Applications/STM32CubeIDE.app/Contents/Eclipse/plugins/com.st.stm32cube.ide.mcu.externaltools.gnu-tools-for-stm32.13.3.rel1.macos64_1.0.0.202411102158/tools/bin/../lib/gcc/arm-none-eabi/13.3.1/../../../../arm-none-eabi/lib/thumb/v8-m.main+fp/hard/libc_nano.a(libc_a-findfp.o)
                              /Applications/STM32CubeIDE.app/Contents/Eclipse/plugins/com.st.stm32cube.ide.mcu.externaltools.gnu-tools-for-stm32.13.3.rel1.macos64_1.0.0.202411102158/tools/bin/../lib/gcc/arm-none-eabi/13.3.1/../../../../arm-none-eabi/lib/thumb/v8-m.main+fp/hard/libc_nano.a(libc_a-exit.o) (__stdio_exit_handler)
/Applications/STM32CubeIDE.app/Contents/Eclipse/plugins/com.st.stm32cube.ide.mcu.externaltools.gnu-tools-for-stm32.13.3.rel1.macos64_1.0.0.202411102158/tools/bin/../lib/gcc/arm-none-eabi/13.3.1/../../../../arm-none-eabi/lib/thumb/v8-m.main+fp/hard/libc_nano.a(libc_a-fwalk.o)
                              /Applications/STM32CubeIDE.app/Contents/Eclipse/plugins/com.st.stm32cube.ide.mcu.externaltools.gnu-tools-for-stm32.13.3.rel1.macos64_1.0.0.202411102158/tools/bin/../lib/gcc/arm-none-eabi/13.3.1/../../../../arm-none-eabi/lib/thumb/v8-m.main+fp/hard/libc_nano.a(libc_a-findfp.o) (_fwalk_sglue)
/Applications/STM32CubeIDE.app/Contents/Eclipse/plugins/com.st.stm32cube.ide.mcu.externaltools.gnu-tools-for-stm32.13.3.rel1.macos64_1.0.0.202411102158/tools/bin/../lib/gcc/arm-none-eabi/13.3.1/../../../../arm-none-eabi/lib/thumb/v8-m.main+fp/hard/libc_nano.a(libc_a-memset.o)
                              /Applications/STM32CubeIDE.app/Contents/Eclipse/plugins/com.st.stm32cube.ide.mcu.externaltools.gnu-tools-for-stm32.13.3.rel1.macos64_1.0.0.202411102158/tools/bin/../lib/gcc/arm-none-eabi/13.3.1/../../../../arm-none-eabi/lib/thumb/v8-m.main+fp/hard/crt0.o (memset)
/Applications/STM32CubeIDE.app/Contents/Eclipse/plugins/com.st.stm32cube.ide.mcu.externaltools.gnu-tools-for-stm32.13.3.rel1.macos64_1.0.0.202411102158/tools/bin/../lib/gcc/arm-none-eabi/13.3.1/../../../../arm-none-eabi/lib/thumb/v8-m.main+fp/hard/libc_nano.a(libc_a-errno.o)
                              ./Core/Src/syscalls.o (__errno)
/Applications/STM32CubeIDE.app/Contents/Eclipse/plugins/com.st.stm32cube.ide.mcu.externaltools.gnu-tools-for-stm32.13.3.rel1.macos64_1.0.0.202411102158/tools/bin/../lib/gcc/arm-none-eabi/13.3.1/../../../../arm-none-eabi/lib/thumb/v8-m.main+fp/hard/libc_nano.a(libc_a-init.o)
                              /Applications/STM32CubeIDE.app/Contents/Eclipse/plugins/com.st.stm32cube.ide.mcu.externaltools.gnu-tools-for-stm32.13.3.rel1.macos64_1.0.0.202411102158/tools/bin/../lib/gcc/arm-none-eabi/13.3.1/../../../../arm-none-eabi/lib/thumb/v8-m.main+fp/hard/crt0.o (__libc_init_array)
/Applications/STM32CubeIDE.app/Contents/Eclipse/plugins/com.st.stm32cube.ide.mcu.externaltools.gnu-tools-for-stm32.13.3.rel1.macos64_1.0.0.202411102158/tools/bin/../lib/gcc/arm-none-eabi/13.3.1/../../../../arm-none-eabi/lib/thumb/v8-m.main+fp/hard/libc_nano.a(libc_a-lock.o)
                              /Applications/STM32CubeIDE.app/Contents/Eclipse/plugins/com.st.stm32cube.ide.mcu.externaltools.gnu-tools-for-stm32.13.3.rel1.macos64_1.0.0.202411102158/tools/bin/../lib/gcc/arm-none-eabi/13.3.1/../../../../arm-none-eabi/lib/thumb/v8-m.main+fp/hard/libc_nano.a(libc_a-findfp.o) (__retarget_lock_init_recursive)
/Applications/STM32CubeIDE.app/Contents/Eclipse/plugins/com.st.stm32cube.ide.mcu.externaltools.gnu-tools-for-stm32.13.3.rel1.macos64_1.0.0.202411102158/tools/bin/../lib/gcc/arm-none-eabi/13.3.1/../../../../arm-none-eabi/lib/thumb/v8-m.main+fp/hard/libc_nano.a(libc_a-impure.o)
                              /Applications/STM32CubeIDE.app/Contents/Eclipse/plugins/com.st.stm32cube.ide.mcu.externaltools.gnu-tools-for-stm32.13.3.rel1.macos64_1.0.0.202411102158/tools/bin/../lib/gcc/arm-none-eabi/13.3.1/../../../../arm-none-eabi/lib/thumb/v8-m.main+fp/hard/libc_nano.a(libc_a-snprintf.o) (_impure_ptr)
[...]
Memory Configuration

Name             Origin             Length             Attributes
RAM              0x20000000         0x00030000         xrw
RAM2             0x20030000         0x00010000         xrw
FLASH            0x08000000         0x00040000         xr
*default*        0x00000000         0xffffffff

Linker script and memory map

LOAD /Applications/STM32CubeIDE.app/Contents/Eclipse/plugins/com.st.stm32cube.ide.mcu.externaltools.gnu-tools-for-stm32.13.3.rel1.macos64_1.0.0.202411102158/tools/bin/../lib/gcc/arm-none-eabi/13.3.1/thumb/v8-m.main+fp/hard/crti.o
LOAD /Applications/STM32CubeIDE.app/Contents/Eclipse/plugins/com.st.stm32cube.ide.mcu.externaltools.gnu-tools-for-stm32.13.3.rel1.macos64_1.0.0.202411102158/tools/bin/../lib/gcc/arm-none-eabi/13.3.1/thumb/v8-m.main+fp/hard/crtbegin.o
LOAD /Applications/STM32CubeIDE.app/Contents/Eclipse/plugins/com.st.stm32cube.ide.mcu.externaltools.gnu-tools-for-stm32.13.3.rel1.macos64_1.0.0.202411102158/tools/bin/../lib/gcc/arm-none-eabi/13.3.1/../../../../arm-none-eabi/lib/thumb/v8-m.main+fp/hard/crt0.o
LOAD ./Core/Src/adc.o
LOAD ./Core/Src/dma.o
LOAD ./Core/Src/fdcan.o
LOAD ./Core/Src/gpio.o
LOAD ./Core/Src/i2c.o
LOAD ./Core/Src/icache.o
LOAD ./Core/Src/main.o
LOAD ./Core/Src/sh1106.o
LOAD ./Core/Src/stm32l5xx_hal_msp.o
LOAD ./Core/Src/stm32l5xx_it.o
LOAD ./Core/Src/syscalls.o
LOAD ./Core/Src/sysmem.o
LOAD ./Core/Src/system_stm32l5xx.o
LOAD ./Core/Src/usart.o
LOAD ./Core/Startup/startup_stm32l552cctx.o
LOAD ./Drivers/BFR_Krill_Drivers/src/usb_driver.o
LOAD ./Drivers/STM32L5xx_HAL_Driver/Src/stm32l5xx_hal.o
LOAD ./Drivers/STM32L5xx_HAL_Driver/Src/stm32l5xx_hal_adc.o
LOAD ./Drivers/STM32L5xx_HAL_Driver/Src/stm32l5xx_hal_adc_ex.o
LOAD ./Drivers/STM32L5xx_HAL_Driver/Src/stm32l5xx_hal_cortex.o
LOAD ./Drivers/STM32L5xx_HAL_Driver/Src/stm32l5xx_hal_dma.o
LOAD ./Drivers/STM32L5xx_HAL_Driver/Src/stm32l5xx_hal_dma_ex.o
LOAD ./Drivers/STM32L5xx_HAL_Driver/Src/stm32l5xx_hal_exti.o
LOAD ./Drivers/STM32L5xx_HAL_Driver/Src/stm32l5xx_hal_fdcan.o
LOAD ./Drivers/STM32L5xx_HAL_Driver/Src/stm32l5xx_hal_flash.o
LOAD ./Drivers/STM32L5xx_HAL_Driver/Src/stm32l5xx_hal_flash_ex.o
LOAD ./Drivers/STM32L5xx_HAL_Driver/Src/stm32l5xx_hal_flash_ramfunc.o
LOAD ./Drivers/STM32L5xx_HAL_Driver/Src/stm32l5xx_hal_gpio.o
LOAD ./Drivers/STM32L5xx_HAL_Driver/Src/stm32l5xx_hal_i2c.o
LOAD ./Drivers/STM32L5xx_HAL_Driver/Src/stm32l5xx_hal_i2c_ex.o
LOAD ./Drivers/STM32L5xx_HAL_Driver/Src/stm32l5xx_hal_icache.o
LOAD ./Drivers/STM32L5xx_HAL_Driver/Src/stm32l5xx_hal_pcd.o
LOAD ./Drivers/STM32L5xx_HAL_Driver/Src/stm32l5xx_hal_pcd_ex.o
LOAD ./Drivers/STM32L5xx_HAL_Driver/Src/stm32l5xx_hal_pwr.o
LOAD ./Drivers/STM32L5xx_HAL_Driver/Src/stm32l5xx_hal_pwr_ex.o
LOAD ./Drivers/STM32L5xx_HAL_Driver/Src/stm32l5xx_hal_rcc.o
LOAD ./Drivers/STM32L5xx_HAL_Driver/Src/stm32l5xx_hal_rcc_ex.o
LOAD ./Drivers/STM32L5xx_HAL_Driver/Src/stm32l5xx_hal_uart.o
LOAD ./Drivers/STM32L5xx_HAL_Driver/Src/stm32l5xx_hal_uart_ex.o
LOAD ./Drivers/STM32L5xx_HAL_Driver/Src/stm32l5xx_ll_usb.o
LOAD ./Middlewares/ST/STM32_USB_Device_Library/Class/CDC/Src/usbd_cdc.o
LOAD ./Middlewares/ST/STM32_USB_Device_Library/Core/Src/usbd_core.o
LOAD ./Middlewares/ST/STM32_USB_Device_Library/Core/Src/usbd_ctlreq.o
LOAD ./Middlewares/ST/STM32_USB_Device_Library/Core/Src/usbd_ioreq.o
LOAD ./USB_Device/App/usb_device.o
LOAD ./USB_Device/App/usbd_cdc_if.o
LOAD ./USB_Device/App/usbd_desc.o
LOAD ./USB_Device/Target/usbd_conf.o
START GROUP
LOAD /Applications/STM32CubeIDE.app/Contents/Eclipse/plugins/com.st.stm32cube.ide.mcu.externaltools.gnu-tools-for-stm32.13.3.rel1.macos64_1.0.0.202411102158/tools/bin/../lib/gcc/arm-none-eabi/13.3.1/../../../../arm-none-eabi/lib/thumb/v8-m.main+fp/hard/libc_nano.a
LOAD /Applications/STM32CubeIDE.app/Contents/Eclipse/plugins/com.st.stm32cube.ide.mcu.externaltools.gnu-tools-for-stm32.13.3.rel1.macos64_1.0.0.202411102158/tools/bin/../lib/gcc/arm-none-eabi/13.3.1/../../../../arm-none-eabi/lib/thumb/v8-m.main+fp/hard/libm.a
END GROUP
START GROUP
LOAD /Applications/STM32CubeIDE.app/Contents/Eclipse/plugins/com.st.stm32cube.ide.mcu.externaltools.gnu-tools-for-stm32.13.3.rel1.macos64_1.0.0.202411102158/tools/bin/../lib/gcc/arm-none-eabi/13.3.1/thumb/v8-m.main+fp/hard/libgcc.a
LOAD /Applications/STM32CubeIDE.app/Contents/Eclipse/plugins/com.st.stm32cube.ide.mcu.externaltools.gnu-tools-for-stm32.13.3.rel1.macos64_1.0.0.202411102158/tools/bin/../lib/gcc/arm-none-eabi/13.3.1/../../../../arm-none-eabi/lib/thumb/v8-m.main+fp/hard/libc_nano.a
END GROUP
START GROUP
LOAD /Applications/STM32CubeIDE.app/Contents/Eclipse/plugins/com.st.stm32cube.ide.mcu.externaltools.gnu-tools-for-stm32.13.3.rel1.macos64_1.0.0.202411102158/tools/bin/../lib/gcc/arm-none-eabi/13.3.1/thumb/v8-m.main+fp/hard/libgcc.a
LOAD /Applications/STM32CubeIDE.app/Contents/Eclipse/plugins/com.st.stm32cube.ide.mcu.externaltools.gnu-tools-for-stm32.13.3.rel1.macos64_1.0.0.202411102158/tools/bin/../lib/gcc/arm-none-eabi/13.3.1/../../../../arm-none-eabi/lib/thumb/v8-m.main+fp/hard/libc_nano.a
LOAD /Applications/STM32CubeIDE.app/Contents/Eclipse/plugins/com.st.stm32cube.ide.mcu.externaltools.gnu-tools-for-stm32.13.3.rel1.macos64_1.0.0.202411102158/tools/bin/../lib/gcc/arm-none-eabi/13.3.1/../../../../arm-none-eabi/lib/thumb/v8-m.main+fp/hard/libnosys.a
END GROUP
START GROUP
LOAD /Applications/STM32CubeIDE.app/Contents/Eclipse/plugins/com.st.stm32cube.ide.mcu.externaltools.gnu-tools-for-stm32.13.3.rel1.macos64_1.0.0.202411102158/tools/bin/../lib/gcc/arm-none-eabi/13.3.1/thumb/v8-m.main+fp/hard/libgcc.a
LOAD /Applications/STM32CubeIDE.app/Contents/Eclipse/plugins/com.st.stm32cube.ide.mcu.externaltools.gnu-tools-for-stm32.13.3.rel1.macos64_1.0.0.202411102158/tools/bin/../lib/gcc/arm-none-eabi/13.3.1/../../../../arm-none-eabi/lib/thumb/v8-m.main+fp/hard/libc_nano.a
LOAD /Applications/STM32CubeIDE.app/Contents/Eclipse/plugins/com.st.stm32cube.ide.mcu.externaltools.gnu-tools-for-stm32.13.3.rel1.macos64_1.0.0.202411102158/tools/bin/../lib/gcc/arm-none-eabi/13.3.1/../../../../arm-none-eabi/lib/thumb/v8-m.main+fp/hard/libnosys.a
END GROUP
LOAD /Applications/STM32CubeIDE.app/Contents/Eclipse/plugins/com.st.stm32cube.ide.mcu.externaltools.gnu-tools-for-stm32.13.3.rel1.macos64_1.0.0.202411102158/tools/bin/../lib/gcc/arm-none-eabi/13.3.1/thumb/v8-m.main+fp/hard/crtend.o
LOAD /Applications/STM32CubeIDE.app/Contents/Eclipse/plugins/com.st.stm32cube.ide.mcu.externaltools.gnu-tools-for-stm32.13.3.rel1.macos64_1.0.0.202411102158/tools/bin/../lib/gcc/arm-none-eabi/13.3.1/thumb/v8-m.main+fp/hard/crtn.o
                0x20030000                        _estack = (ORIGIN (RAM) + LENGTH (RAM))
                0x00000200                        _Min_Heap_Size = 0x200
                0x00000400                        _Min_Stack_Size = 0x400

.isr_vector     0x08000000      0x1f4
                0x08000000                        . = ALIGN (0x4)
 *(.isr_vector)
 .isr_vector    0x08000000      0x1f4 ./Core/Startup/startup_stm32l552cctx.o
                0x08000000                g_pfnVectors
                0x080001f4                        . = ALIGN (0x4)

.text           0x080001f4    0x104a4
                0x080001f4                        . = ALIGN (0x4)
 *(.text)
 .text          0x080001f4       0x40 /Applications/STM32CubeIDE.app/Contents/Eclipse/plugins/com.st.stm32cube.ide.mcu.externaltools.gnu-tools-for-stm32.13.3.rel1.macos64_1.0.0.202411102158/tools/bin/../lib/gcc/arm-none-eabi/13.3.1/thumb/v8-m.main+fp/hard/crtbegin.o
 .text          0x08000234      0x378 /Applications/STM32CubeIDE.app/Contents/Eclipse/plugins/com.st.stm32cube.ide.mcu.externaltools.gnu-tools-for-stm32.13.3.rel1.macos64_1.0.0.202411102158/tools/bin/../lib/gcc/arm-none-eabi/13.3.1/thumb/v8-m.main+fp/hard/libgcc.a(_arm_addsubdf3.o)
                0x08000234                __aeabi_drsub
                0x0800023c                __subdf3
                0x0800023c                __aeabi_dsub
                0x08000240                __aeabi_dadd
                0x08000240                __adddf3
                0x080004b8                __aeabi_ui2d
                0x080004b8                __floatunsidf
                0x080004d8                __floatsidf
                0x080004d8                __aeabi_i2d
                0x080004fc                __extendsfdf2
                0x080004fc                __aeabi_f2d
                0x08000540                __aeabi_ul2d
                0x08000540                __floatundidf
                0x08000550                __aeabi_l2d
                0x08000550                __floatdidf
 .text          0x080005ac       0x30 /Applications/STM32CubeIDE.app/Contents/Eclipse/plugins/com.st.stm32cube.ide.mcu.externaltools.gnu-tools-for-stm32.13.3.rel1.macos64_1.0.0.202411102158/tools/bin/../lib/gcc/arm-none-eabi/13.3.1/thumb/v8-m.main+fp/hard/libgcc.a(_aeabi_uldivmod.o)
                0x080005ac                __aeabi_uldivmod
 .text          0x080005dc      0x348 /Applications/STM32CubeIDE.app/Contents/Eclipse/plugins/com.st.stm32cube.ide.mcu.externaltools.gnu-tools-for-stm32.13.3.rel1.macos64_1.0.0.202411102158/tools/bin/../lib/gcc/arm-none-eabi/13.3.1/thumb/v8-m.main+fp/hard/libgcc.a(_udivmoddi4.o)
                0x080005dc                __udivmoddi4
 .text          0x08000924        0x4 /Applications/STM32CubeIDE.app/Contents/Eclipse/plugins/com.st.stm32cube.ide.mcu.externaltools.gnu-tools-for-stm32.13.3.rel1.macos64_1.0.0.202411102158/tools/bin/../lib/gcc/arm-none-eabi/13.3.1/thumb/v8-m.main+fp/hard/libgcc.a(_dvmd_tls.o)
                0x08000924                __aeabi_ldiv0
                0x08000924                __aeabi_idiv0
 *(.text*)
 .text.MX_ADC1_Init
                0x08000928       0xf0 ./Core/Src/adc.o
                0x08000928                MX_ADC1_Init
 .text.HAL_ADC_MspInit
                0x08000a18      0x144 ./Core/Src/adc.o
                0x08000a18                HAL_ADC_MspInit
 .text.MX_DMA_Init
                0x08000b5c       0x54 ./Core/Src/dma.o
                0x08000b5c                MX_DMA_Init
 .text.MX_FDCAN1_Init
                0x08000bb0       0x8c ./Core/Src/fdcan.o
                0x08000bb0                MX_FDCAN1_Init
 .text.HAL_FDCAN_MspInit
                0x08000c3c       0xc0 ./Core/Src/fdcan.o
                0x08000c3c                HAL_FDCAN_MspInit
 .text.MX_GPIO_Init
                0x08000cfc       0x78 ./Core/Src/gpio.o
                0x08000cfc                MX_GPIO_Init
 .text.MX_I2C1_Init
                0x08000d74       0x80 ./Core/Src/i2c.o
                0x08000d74                MX_I2C1_Init
 .text.HAL_I2C_MspInit
                0x08000df4       0xbc ./Core/Src/i2c.o
                0x08000df4                HAL_I2C_MspInit
 .text.MX_ICACHE_Init
                0x08000eb0       0x16 ./Core/Src/icache.o
                0x08000eb0                MX_ICACHE_Init
 *fill*         0x08000ec6        0x2 
 .text.ReadADC  0x08000ec8       0x70 ./Core/Src/main.o
                0x08000ec8                ReadADC
 .text.SetCurrent
                0x08000f38       0x4c ./Core/Src/main.o
                0x08000f38                SetCurrent
 .text.HAL_ADC_ConvCpltCallback
                0x08000f84       0x40 ./Core/Src/main.o
                0x08000f84                HAL_ADC_ConvCpltCallback
 .text.main     0x08000fc4      0x1a4 ./Core/Src/main.o
                0x08000fc4                main
 .text.SystemClock_Config
                0x08001168       0xa6 ./Core/Src/main.o
                0x08001168                SystemClock_Config
 .text.Error_Handler
                0x0800120e        0xc ./Core/Src/main.o
                0x0800120e                Error_Handler
 *fill*         0x0800121a        0x2 
 .text.SH1106_Init
                0x0800121c      0x148 ./Core/Src/sh1106.o
                0x0800121c                SH1106_Init
 .text.SH1106_UpdateScreen
                0x08001364       0x5c ./Core/Src/sh1106.o
                0x08001364                SH1106_UpdateScreen
 .text.SH1106_Fill
                0x080013c0       0x30 ./Core/Src/sh1106.o
                0x080013c0                SH1106_Fill
 .text.SH1106_DrawPixel
                0x080013f0       0xc0 ./Core/Src/sh1106.o
                0x080013f0                SH1106_DrawPixel
 .text.SH1106_GotoXY
                0x080014b0       0x2c ./Core/Src/sh1106.o
                0x080014b0                SH1106_GotoXY
 .text.SH1106_Putc
                0x080014dc       0xfc ./Core/Src/sh1106.o
                0x080014dc                SH1106_Putc
 .text.SH1106_Puts
                0x080015d8       0x4a ./Core/Src/sh1106.o
                0x080015d8                SH1106_Puts
 .text.SH1106_Clear
                0x08001622       0x12 ./Core/Src/sh1106.o
                0x08001622                SH1106_Clear
 .text.SH1106_I2C_WriteMulti
                0x08001634       0xcc ./Core/Src/sh1106.o
                0x08001634                SH1106_I2C_WriteMulti
 .text.SH1106_I2C_Write
                0x08001700       0x3c ./Core/Src/sh1106.o
                0x08001700                SH1106_I2C_Write
 .text.SH1106_DrawBitmap
                0x0800173c       0xd0 ./Core/Src/sh1106.o
                0x0800173c                SH1106_DrawBitmap
 .text.DispatchNext
                0x0800180c       0x70 ./Core/Src/sh1106.o
 .text.Enqueue  0x0800187c       0x9c ./Core/Src/sh1106.o
 .text.HAL_I2C_MasterTxCpltCallback
                0x08001918       0x5c ./Core/Src/sh1106.o
                0x08001918                HAL_I2C_MasterTxCpltCallback
 .text.SetCursorQueued
                0x08001974       0x5e ./Core/Src/sh1106.o
 *fill*         0x080019d2        0x2 
 .text.SH1106_IsBusy
                0x080019d4       0x3c ./Core/Src/sh1106.o
                0x080019d4                SH1106_IsBusy
 .text.SH1106_Flush
                0x08001a10       0x34 ./Core/Src/sh1106.o
                0x08001a10                SH1106_Flush
 .text.SH1106_UpdateScreenDMA
                0x08001a44       0x60 ./Core/Src/sh1106.o
                0x08001a44                SH1106_UpdateScreenDMA
 .text.HAL_MspInit
                0x08001aa4       0x48 ./Core/Src/stm32l5xx_hal_msp.o
                0x08001aa4                HAL_MspInit
 .text.NMI_Handler
                0x08001aec        0x8 ./Core/Src/stm32l5xx_it.o
                0x08001aec                NMI_Handler
 .text.HardFault_Handler
                0x08001af4        0x8 ./Core/Src/stm32l5xx_it.o
                0x08001af4                HardFault_Handler
 .text.MemManage_Handler
                0x08001afc        0x8 ./Core/Src/stm32l5xx_it.o
                0x08001afc                MemManage_Handler
 .text.BusFault_Handler
                0x08001b04        0x8 ./Core/Src/stm32l5xx_it.o
                0x08001b04                BusFault_Handler
 .text.UsageFault_Handler
                0x08001b0c        0x8 ./Core/Src/stm32l5xx_it.o
                0x08001b0c                UsageFault_Handler
 .text.SVC_Handler
                0x08001b14        0xe ./Core/Src/stm32l5xx_it.o
                0x08001b14                SVC_Handler
 .text.DebugMon_Handler
                0x08001b22        0xe ./Core/Src/stm32l5xx_it.o
                0x08001b22                DebugMon_Handler
 .text.PendSV_Handler
                0x08001b30        0xe ./Core/Src/stm32l5xx_it.o
                0x08001b30                PendSV_Handler
 .text.SysTick_Handler
                0x08001b3e        0xc ./Core/Src/stm32l5xx_it.o
                0x08001b3e                SysTick_Handler
 *fill*         0x08001b4a        0x2 
 .text.DMA1_Channel1_IRQHandler
                0x08001b4c       0x14 ./Core/Src/stm32l5xx_it.o
                0x08001b4c                DMA1_Channel1_IRQHandler
 .text.USB_FS_IRQHandler
                0x08001b60       0x14 ./Core/Src/stm32l5xx_it.o
                0x08001b60                USB_FS_IRQHandler
 .text._sbrk    0x08001b74       0x6c ./Core/Src/sysmem.o
                0x08001b74                _sbrk
 .text.SystemInit
                0x08001be0       0x2c ./Core/Src/system_stm32l5xx.o
                0x08001be0                SystemInit
 .text.SystemCoreClockUpdate
                0x08001c0c      0x158 ./Core/Src/system_stm32l5xx.o
                0x08001c0c                SystemCoreClockUpdate
 .text.MX_USART2_UART_Init
                0x08001d64       0x98 ./Core/Src/usart.o
                0x08001d64                MX_USART2_UART_Init
 .text.HAL_UART_MspInit
                0x08001dfc       0xbc ./Core/Src/usart.o
                0x08001dfc                HAL_UART_MspInit
 .text.Reset_Handler
                0x08001eb8       0x50 ./Core/Startup/startup_stm32l552cctx.o
                0x08001eb8                Reset_Handler
 .text.Default_Handler
                0x08001f08        0x2 ./Core/Startup/startup_stm32l552cctx.o
                0x08001f08                DMA2_Channel3_IRQHandler
                0x08001f08                TIM8_TRG_COM_IRQHandler
                0x08001f08                TIM8_CC_IRQHandler
                0x08001f08                EXTI5_IRQHandler
                0x08001f08                FLASH_S_IRQHandler
                0x08001f08                EXTI13_IRQHandler
                0x08001f08                TIM1_CC_IRQHandler
                0x08001f08                TSC_IRQHandler
                0x08001f08                TAMP_IRQHandler
                0x08001f08                TIM6_IRQHandler
                0x08001f08                EXTI12_IRQHandler
                0x08001f08                DMA2_Channel8_IRQHandler
                0x08001f08                EXTI3_IRQHandler
                0x08001f08                EXTI8_IRQHandler
                0x08001f08                LPTIM2_IRQHandler
                0x08001f08                DFSDM1_FLT1_IRQHandler
                0x08001f08                I2C3_ER_IRQHandler
                0x08001f08                DFSDM1_FLT2_IRQHandler
                0x08001f08                DMAMUX1_IRQHandler
                0x08001f08                LPTIM3_IRQHandler
                0x08001f08                EXTI0_IRQHandler
                0x08001f08                I2C2_EV_IRQHandler
                0x08001f08                FPU_IRQHandler
                0x08001f08                FDCAN1_IT1_IRQHandler
                0x08001f08                ADC1_2_IRQHandler
                0x08001f08                SPI1_IRQHandler
                0x08001f08                OCTOSPI1_IRQHandler
                0x08001f08                TIM8_UP_IRQHandler
                0x08001f08                RCC_S_IRQHandler
                0x08001f08                DMA2_Channel2_IRQHandler
                0x08001f08                DMA1_Channel4_IRQHandler
                0x08001f08                SAI2_IRQHandler
                0x08001f08                DFSDM1_FLT3_IRQHandler
                0x08001f08                EXTI15_IRQHandler
                0x08001f08                TIM17_IRQHandler
                0x08001f08                USART3_IRQHandler
                0x08001f08                RTC_IRQHandler
                0x08001f08                EXTI9_IRQHandler
                0x08001f08                DMA1_Channel7_IRQHandler
                0x08001f08                UART5_IRQHandler
                0x08001f08                TIM4_IRQHandler
                0x08001f08                DMA2_Channel1_IRQHandler
                0x08001f08                I2C1_EV_IRQHandler
                0x08001f08                DMA1_Channel6_IRQHandler
                0x08001f08                TIM16_IRQHandler
                0x08001f08                UART4_IRQHandler
                0x08001f08                DMA2_Channel4_IRQHandler
                0x08001f08                SecureFault_Handler
                0x08001f08                TIM3_IRQHandler
                0x08001f08                RCC_IRQHandler
                0x08001f08                TIM1_TRG_COM_IRQHandler
                0x08001f08                Default_Handler
                0x08001f08                DMA2_Channel7_IRQHandler
                0x08001f08                DMA1_Channel8_IRQHandler
                0x08001f08                TIM7_IRQHandler
                0x08001f08                SDMMC1_IRQHandler
                0x08001f08                TIM5_IRQHandler
                0x08001f08                UCPD1_IRQHandler
                0x08001f08                TIM15_IRQHandler
                0x08001f08                I2C3_EV_IRQHandler
                0x08001f08                PVD_PVM_IRQHandler
                0x08001f08                SPI2_IRQHandler
                0x08001f08                EXTI14_IRQHandler
                0x08001f08                EXTI11_IRQHandler
                0x08001f08                DMA2_Channel5_IRQHandler
                0x08001f08                CRS_IRQHandler
                0x08001f08                DMA1_Channel5_IRQHandler
                0x08001f08                EXTI4_IRQHandler
                0x08001f08                RTC_S_IRQHandler
                0x08001f08                RNG_IRQHandler
                0x08001f08                DMAMUX1_S_IRQHandler
                0x08001f08                DMA1_Channel3_IRQHandler
                0x08001f08                COMP_IRQHandler
                0x08001f08                TIM1_UP_IRQHandler
                0x08001f08                WWDG_IRQHandler
                0x08001f08                I2C4_EV_IRQHandler
                0x08001f08                LPUART1_IRQHandler
                0x08001f08                DMA2_Channel6_IRQHandler
                0x08001f08                FDCAN1_IT0_IRQHandler
                0x08001f08                TIM2_IRQHandler
                0x08001f08                TAMP_S_IRQHandler
                0x08001f08                EXTI7_IRQHandler
                0x08001f08                TIM1_BRK_IRQHandler
                0x08001f08                DAC_IRQHandler
                0x08001f08                EXTI1_IRQHandler
                0x08001f08                GTZC_IRQHandler
                0x08001f08                USART2_IRQHandler
                0x08001f08                DFSDM1_FLT0_IRQHandler
                0x08001f08                I2C2_ER_IRQHandler
                0x08001f08                DMA1_Channel2_IRQHandler
                0x08001f08                TIM8_BRK_IRQHandler
                0x08001f08                FLASH_IRQHandler
                0x08001f08                USART1_IRQHandler
                0x08001f08                EXTI10_IRQHandler
                0x08001f08                SPI3_IRQHandler
                0x08001f08                I2C1_ER_IRQHandler
                0x08001f08                FMC_IRQHandler
                0x08001f08                EXTI6_IRQHandler
                0x08001f08                LPTIM1_IRQHandler
                0x08001f08                I2C4_ER_IRQHandler
                0x08001f08                ICACHE_IRQHandler
                0x08001f08                SAI1_IRQHandler
                0x08001f08                HASH_IRQHandler
                0x08001f08                EXTI2_IRQHandler
 .text.HAL_Init
                0x08001f0a       0x34 ./Drivers/STM32L5xx_HAL_Driver/Src/stm32l5xx_hal.o
                0x08001f0a                HAL_Init
 *fill*         0x08001f3e        0x2 
 .text.HAL_InitTick
                0x08001f40       0x78 ./Drivers/STM32L5xx_HAL_Driver/Src/stm32l5xx_hal.o
                0x08001f40                HAL_InitTick
 .text.HAL_IncTick
                0x08001fb8       0x28 ./Drivers/STM32L5xx_HAL_Driver/Src/stm32l5xx_hal.o
                0x08001fb8                HAL_IncTick
 .text.HAL_GetTick
                0x08001fe0       0x18 ./Drivers/STM32L5xx_HAL_Driver/Src/stm32l5xx_hal.o
                0x08001fe0                HAL_GetTick
 .text.HAL_Delay
                0x08001ff8       0x48 ./Drivers/STM32L5xx_HAL_Driver/Src/stm32l5xx_hal.o
                0x08001ff8                HAL_Delay
 .text.LL_ADC_SetCommonClock
                0x08002040       0x26 ./Drivers/STM32L5xx_HAL_Driver/Src/stm32l5xx_hal_adc.o
 .text.LL_ADC_SetCommonPathInternalCh
                0x08002066       0x26 ./Drivers/STM32L5xx_HAL_Driver/Src/stm32l5xx_hal_adc.o
 .text.LL_ADC_GetCommonPathInternalCh
                0x0800208c       0x1c ./Drivers/STM32L5xx_HAL_Driver/Src/stm32l5xx_hal_adc.o
 .text.LL_ADC_SetOffset
                0x080020a8       0x48 ./Drivers/STM32L5xx_HAL_Driver/Src/stm32l5xx_hal_adc.o
 .text.LL_ADC_GetOffsetChannel
                0x080020f0       0x2c ./Drivers/STM32L5xx_HAL_Driver/Src/stm32l5xx_hal_adc.o
 .text.LL_ADC_SetOffsetState
                0x0800211c       0x36 ./Drivers/STM32L5xx_HAL_Driver/Src/stm32l5xx_hal_adc.o
 .text.LL_ADC_SetSamplingTimeCommonConfig
                0x08002152       0x26 ./Drivers/STM32L5xx_HAL_Driver/Src/stm32l5xx_hal_adc.o
 .text.LL_ADC_REG_IsTriggerSourceSWStart
                0x08002178       0x26 ./Drivers/STM32L5xx_HAL_Driver/Src/stm32l5xx_hal_adc.o
 .text.LL_ADC_REG_SetSequencerRanks
                0x0800219e       0x58 ./Drivers/STM32L5xx_HAL_Driver/Src/stm32l5xx_hal_adc.o
 .text.LL_ADC_SetChannelSamplingTime
                0x080021f6       0x56 ./Drivers/STM32L5xx_HAL_Driver/Src/stm32l5xx_hal_adc.o
 .text.LL_ADC_SetChannelSingleDiff
                0x0800224c       0x48 ./Drivers/STM32L5xx_HAL_Driver/Src/stm32l5xx_hal_adc.o
 .text.LL_ADC_GetMultimode
                0x08002294       0x1c ./Drivers/STM32L5xx_HAL_Driver/Src/stm32l5xx_hal_adc.o
 .text.LL_ADC_DisableDeepPowerDown
                0x080022b0       0x24 ./Drivers/STM32L5xx_HAL_Driver/Src/stm32l5xx_hal_adc.o
 .text.LL_ADC_IsDeepPowerDownEnabled
                0x080022d4       0x28 ./Drivers/STM32L5xx_HAL_Driver/Src/stm32l5xx_hal_adc.o
 .text.LL_ADC_EnableInternalRegulator
                0x080022fc       0x28 ./Drivers/STM32L5xx_HAL_Driver/Src/stm32l5xx_hal_adc.o
 .text.LL_ADC_IsInternalRegulatorEnabled
                0x08002324       0x28 ./Drivers/STM32L5xx_HAL_Driver/Src/stm32l5xx_hal_adc.o
 .text.LL_ADC_Enable
                0x0800234c       0x28 ./Drivers/STM32L5xx_HAL_Driver/Src/stm32l5xx_hal_adc.o
 .text.LL_ADC_Disable
                0x08002374       0x28 ./Drivers/STM32L5xx_HAL_Driver/Src/stm32l5xx_hal_adc.o
 .text.LL_ADC_IsEnabled
                0x0800239c       0x26 ./Drivers/STM32L5xx_HAL_Driver/Src/stm32l5xx_hal_adc.o
 .text.LL_ADC_IsDisableOngoing
                0x080023c2       0x26 ./Drivers/STM32L5xx_HAL_Driver/Src/stm32l5xx_hal_adc.o
 .text.LL_ADC_REG_StartConversion
                0x080023e8       0x28 ./Drivers/STM32L5xx_HAL_Driver/Src/stm32l5xx_hal_adc.o
 .text.LL_ADC_REG_IsConversionOngoing
                0x08002410       0x26 ./Drivers/STM32L5xx_HAL_Driver/Src/stm32l5xx_hal_adc.o
 .text.LL_ADC_INJ_IsConversionOngoing
                0x08002436       0x26 ./Drivers/STM32L5xx_HAL_Driver/Src/stm32l5xx_hal_adc.o
 .text.HAL_ADC_Init
                0x0800245c      0x298 ./Drivers/STM32L5xx_HAL_Driver/Src/stm32l5xx_hal_adc.o
                0x0800245c                HAL_ADC_Init
 .text.HAL_ADC_Start_DMA
                0x080026f4      0x168 ./Drivers/STM32L5xx_HAL_Driver/Src/stm32l5xx_hal_adc.o
                0x080026f4                HAL_ADC_Start_DMA
 .text.HAL_ADC_ConvHalfCpltCallback
                0x0800285c       0x14 ./Drivers/STM32L5xx_HAL_Driver/Src/stm32l5xx_hal_adc.o
                0x0800285c                HAL_ADC_ConvHalfCpltCallback
 .text.HAL_ADC_ErrorCallback
                0x08002870       0x14 ./Drivers/STM32L5xx_HAL_Driver/Src/stm32l5xx_hal_adc.o
                0x08002870                HAL_ADC_ErrorCallback
 .text.HAL_ADC_ConfigChannel
                0x08002884      0x7d4 ./Drivers/STM32L5xx_HAL_Driver/Src/stm32l5xx_hal_adc.o
                0x08002884                HAL_ADC_ConfigChannel
 .text.ADC_Enable
                0x08003058      0x10c ./Drivers/STM32L5xx_HAL_Driver/Src/stm32l5xx_hal_adc.o
                0x08003058                ADC_Enable
 .text.ADC_Disable
                0x08003164       0xbe ./Drivers/STM32L5xx_HAL_Driver/Src/stm32l5xx_hal_adc.o
                0x08003164                ADC_Disable
 .text.ADC_DMAConvCplt
                0x08003222       0xd8 ./Drivers/STM32L5xx_HAL_Driver/Src/stm32l5xx_hal_adc.o
                0x08003222                ADC_DMAConvCplt
 .text.ADC_DMAHalfConvCplt
                0x080032fa       0x1c ./Drivers/STM32L5xx_HAL_Driver/Src/stm32l5xx_hal_adc.o
                0x080032fa                ADC_DMAHalfConvCplt
 .text.ADC_DMAError
                0x08003316       0x34 ./Drivers/STM32L5xx_HAL_Driver/Src/stm32l5xx_hal_adc.o
                0x08003316                ADC_DMAError
 .text.LL_ADC_IsEnabled
                0x0800334a       0x26 ./Drivers/STM32L5xx_HAL_Driver/Src/stm32l5xx_hal_adc_ex.o
 .text.LL_ADC_StartCalibration
                0x08003370       0x32 ./Drivers/STM32L5xx_HAL_Driver/Src/stm32l5xx_hal_adc_ex.o
 .text.LL_ADC_IsCalibrationOnGoing
                0x080033a2       0x28 ./Drivers/STM32L5xx_HAL_Driver/Src/stm32l5xx_hal_adc_ex.o
 .text.LL_ADC_REG_IsConversionOngoing
                0x080033ca       0x26 ./Drivers/STM32L5xx_HAL_Driver/Src/stm32l5xx_hal_adc_ex.o
 .text.HAL_ADCEx_Calibration_Start
                0x080033f0       0xc4 ./Drivers/STM32L5xx_HAL_Driver/Src/stm32l5xx_hal_adc_ex.o
                0x080033f0                HAL_ADCEx_Calibration_Start
 .text.HAL_ADCEx_MultiModeConfigChannel
                0x080034b4      0x148 ./Drivers/STM32L5xx_HAL_Driver/Src/stm32l5xx_hal_adc_ex.o
                0x080034b4                HAL_ADCEx_MultiModeConfigChannel
 .text.__NVIC_SetPriorityGrouping
                0x080035fc       0x48 ./Drivers/STM32L5xx_HAL_Driver/Src/stm32l5xx_hal_cortex.o
 .text.__NVIC_GetPriorityGrouping
                0x08003644       0x1c ./Drivers/STM32L5xx_HAL_Driver/Src/stm32l5xx_hal_cortex.o
 .text.__NVIC_EnableIRQ
                0x08003660       0x3c ./Drivers/STM32L5xx_HAL_Driver/Src/stm32l5xx_hal_cortex.o
 .text.__NVIC_SetPriority
                0x0800369c       0x54 ./Drivers/STM32L5xx_HAL_Driver/Src/stm32l5xx_hal_cortex.o
 .text.NVIC_EncodePriority
                0x080036f0       0x66 ./Drivers/STM32L5xx_HAL_Driver/Src/stm32l5xx_hal_cortex.o
 *fill*         0x08003756        0x2 
 .text.SysTick_Config
                0x08003758       0x44 ./Drivers/STM32L5xx_HAL_Driver/Src/stm32l5xx_hal_cortex.o
 .text.HAL_NVIC_SetPriorityGrouping
                0x0800379c       0x16 ./Drivers/STM32L5xx_HAL_Driver/Src/stm32l5xx_hal_cortex.o
                0x0800379c                HAL_NVIC_SetPriorityGrouping
 .text.HAL_NVIC_SetPriority
                0x080037b2       0x34 ./Drivers/STM32L5xx_HAL_Driver/Src/stm32l5xx_hal_cortex.o
                0x080037b2                HAL_NVIC_SetPriority
 .text.HAL_NVIC_EnableIRQ
                0x080037e6       0x1c ./Drivers/STM32L5xx_HAL_Driver/Src/stm32l5xx_hal_cortex.o
                0x080037e6                HAL_NVIC_EnableIRQ
 .text.HAL_SYSTICK_Config
                0x08003802       0x18 ./Drivers/STM32L5xx_HAL_Driver/Src/stm32l5xx_hal_cortex.o
                0x08003802                HAL_SYSTICK_Config
 *fill*         0x0800381a        0x2 
 .text.HAL_DMA_Init
                0x0800381c      0x150 ./Drivers/STM32L5xx_HAL_Driver/Src/stm32l5xx_hal_dma.o
                0x0800381c                HAL_DMA_Init
 .text.HAL_DMA_Start_IT
                0x0800396c       0xf6 ./Drivers/STM32L5xx_HAL_Driver/Src/stm32l5xx_hal_dma.o
                0x0800396c                HAL_DMA_Start_IT
 .text.HAL_DMA_Abort_IT
                0x08003a62       0xbe ./Drivers/STM32L5xx_HAL_Driver/Src/stm32l5xx_hal_dma.o
                0x08003a62                HAL_DMA_Abort_IT
 .text.HAL_DMA_IRQHandler
                0x08003b20      0x200 ./Drivers/STM32L5xx_HAL_Driver/Src/stm32l5xx_hal_dma.o
                0x08003b20                HAL_DMA_IRQHandler
 .text.HAL_DMA_GetState
                0x08003d20       0x1c ./Drivers/STM32L5xx_HAL_Driver/Src/stm32l5xx_hal_dma.o
                0x08003d20                HAL_DMA_GetState
 .text.HAL_DMA_ConfigChannelAttributes
                0x08003d3c       0x60 ./Drivers/STM32L5xx_HAL_Driver/Src/stm32l5xx_hal_dma.o
                0x08003d3c                HAL_DMA_ConfigChannelAttributes
 .text.DMA_SetConfig
                0x08003d9c       0x7c ./Drivers/STM32L5xx_HAL_Driver/Src/stm32l5xx_hal_dma.o
 .text.DMA_CalcDMAMUXChannelBaseAndMask
                0x08003e18       0x7c ./Drivers/STM32L5xx_HAL_Driver/Src/stm32l5xx_hal_dma.o
 .text.DMA_CalcDMAMUXRequestGenBaseAndMask
                0x08003e94       0x48 ./Drivers/STM32L5xx_HAL_Driver/Src/stm32l5xx_hal_dma.o
 .text.HAL_FDCAN_Init
                0x08003edc      0x2a4 ./Drivers/STM32L5xx_HAL_Driver/Src/stm32l5xx_hal_fdcan.o
                0x08003edc                HAL_FDCAN_Init
 .text.HAL_FDCAN_Start
                0x08004180       0x50 ./Drivers/STM32L5xx_HAL_Driver/Src/stm32l5xx_hal_fdcan.o
                0x08004180                HAL_FDCAN_Start
 .text.HAL_FDCAN_AddMessageToTxFifoQ
                0x080041d0       0x88 ./Drivers/STM32L5xx_HAL_Driver/Src/stm32l5xx_hal_fdcan.o
                0x080041d0                HAL_FDCAN_AddMessageToTxFifoQ
 .text.FDCAN_CalcultateRamBlockAddresses
                0x08004258       0xac ./Drivers/STM32L5xx_HAL_Driver/Src/stm32l5xx_hal_fdcan.o
 .text.FDCAN_CopyMessageToRAM
                0x08004304       0xf8 ./Drivers/STM32L5xx_HAL_Driver/Src/stm32l5xx_hal_fdcan.o
 .text.HAL_GPIO_Init
                0x080043fc      0x300 ./Drivers/STM32L5xx_HAL_Driver/Src/stm32l5xx_hal_gpio.o
                0x080043fc                HAL_GPIO_Init
 .text.HAL_I2C_Init
                0x080046fc      0x136 ./Drivers/STM32L5xx_HAL_Driver/Src/stm32l5xx_hal_i2c.o
                0x080046fc                HAL_I2C_Init
 *fill*         0x08004832        0x2 
 .text.HAL_I2C_Master_Transmit
                0x08004834      0x230 ./Drivers/STM32L5xx_HAL_Driver/Src/stm32l5xx_hal_i2c.o
                0x08004834                HAL_I2C_Master_Transmit
 .text.HAL_I2C_Master_Transmit_DMA
                0x08004a64      0x228 ./Drivers/STM32L5xx_HAL_Driver/Src/stm32l5xx_hal_i2c.o
                0x08004a64                HAL_I2C_Master_Transmit_DMA
 .text.HAL_I2C_IsDeviceReady
                0x08004c8c      0x1d8 ./Drivers/STM32L5xx_HAL_Driver/Src/stm32l5xx_hal_i2c.o
                0x08004c8c                HAL_I2C_IsDeviceReady
 .text.HAL_I2C_MasterRxCpltCallback
                0x08004e64       0x14 ./Drivers/STM32L5xx_HAL_Driver/Src/stm32l5xx_hal_i2c.o
                0x08004e64                HAL_I2C_MasterRxCpltCallback
 .text.HAL_I2C_SlaveTxCpltCallback
                0x08004e78       0x14 ./Drivers/STM32L5xx_HAL_Driver/Src/stm32l5xx_hal_i2c.o
                0x08004e78                HAL_I2C_SlaveTxCpltCallback
 .text.HAL_I2C_SlaveRxCpltCallback
                0x08004e8c       0x14 ./Drivers/STM32L5xx_HAL_Driver/Src/stm32l5xx_hal_i2c.o
                0x08004e8c                HAL_I2C_SlaveRxCpltCallback
 .text.HAL_I2C_AddrCallback
                0x08004ea0       0x1c ./Drivers/STM32L5xx_HAL_Driver/Src/stm32l5xx_hal_i2c.o
                0x08004ea0                HAL_I2C_AddrCallback
 .text.HAL_I2C_ListenCpltCallback
                0x08004ebc       0x14 ./Drivers/STM32L5xx_HAL_Driver/Src/stm32l5xx_hal_i2c.o
                0x08004ebc                HAL_I2C_ListenCpltCallback
 .text.HAL_I2C_MemTxCpltCallback
                0x08004ed0       0x14 ./Drivers/STM32L5xx_HAL_Driver/Src/stm32l5xx_hal_i2c.o
                0x08004ed0                HAL_I2C_MemTxCpltCallback
 .text.HAL_I2C_MemRxCpltCallback
                0x08004ee4       0x14 ./Drivers/STM32L5xx_HAL_Driver/Src/stm32l5xx_hal_i2c.o
                0x08004ee4                HAL_I2C_MemRxCpltCallback
 .text.HAL_I2C_ErrorCallback
                0x08004ef8       0x14 ./Drivers/STM32L5xx_HAL_Driver/Src/stm32l5xx_hal_i2c.o
                0x08004ef8                HAL_I2C_ErrorCallback
 .text.HAL_I2C_AbortCpltCallback
                0x08004f0c       0x14 ./Drivers/STM32L5xx_HAL_Driver/Src/stm32l5xx_hal_i2c.o
                0x08004f0c                HAL_I2C_AbortCpltCallback
 .text.I2C_Master_ISR_IT
                0x08004f20      0x268 ./Drivers/STM32L5xx_HAL_Driver/Src/stm32l5xx_hal_i2c.o
 .text.I2C_Slave_ISR_IT
                0x08005188      0x208 ./Drivers/STM32L5xx_HAL_Driver/Src/stm32l5xx_hal_i2c.o
 .text.I2C_Master_ISR_DMA
                0x08005390      0x1e6 ./Drivers/STM32L5xx_HAL_Driver/Src/stm32l5xx_hal_i2c.o
 *fill*         0x08005576        0x2 
 .text.I2C_Mem_ISR_DMA
                0x08005578      0x260 ./Drivers/STM32L5xx_HAL_Driver/Src/stm32l5xx_hal_i2c.o
 .text.I2C_Slave_ISR_DMA
                0x080057d8      0x1c2 ./Drivers/STM32L5xx_HAL_Driver/Src/stm32l5xx_hal_i2c.o
 .text.I2C_ITAddrCplt
                0x0800599a      0x108 ./Drivers/STM32L5xx_HAL_Driver/Src/stm32l5xx_hal_i2c.o
 .text.I2C_ITMasterSeqCplt
                0x08005aa2       0x7a ./Drivers/STM32L5xx_HAL_Driver/Src/stm32l5xx_hal_i2c.o
 .text.I2C_ITSlaveSeqCplt
                0x08005b1c       0xbc ./Drivers/STM32L5xx_HAL_Driver/Src/stm32l5xx_hal_i2c.o
 .text.I2C_ITMasterCplt
                0x08005bd8      0x194 ./Drivers/STM32L5xx_HAL_Driver/Src/stm32l5xx_hal_i2c.o
 .text.I2C_ITSlaveCplt
                0x08005d6c      0x2d4 ./Drivers/STM32L5xx_HAL_Driver/Src/stm32l5xx_hal_i2c.o
 .text.I2C_ITListenCplt
                0x08006040       0xac ./Drivers/STM32L5xx_HAL_Driver/Src/stm32l5xx_hal_i2c.o
 .text.I2C_ITError
                0x080060ec      0x1e0 ./Drivers/STM32L5xx_HAL_Driver/Src/stm32l5xx_hal_i2c.o
 .text.I2C_TreatErrorCallback
                0x080062cc       0x4e ./Drivers/STM32L5xx_HAL_Driver/Src/stm32l5xx_hal_i2c.o
 .text.I2C_Flush_TXDR
                0x0800631a       0x48 ./Drivers/STM32L5xx_HAL_Driver/Src/stm32l5xx_hal_i2c.o
 .text.I2C_DMAMasterTransmitCplt
                0x08006362       0x96 ./Drivers/STM32L5xx_HAL_Driver/Src/stm32l5xx_hal_i2c.o
 .text.I2C_DMAError
                0x080063f8       0x2e ./Drivers/STM32L5xx_HAL_Driver/Src/stm32l5xx_hal_i2c.o
 .text.I2C_DMAAbort
                0x08006426       0x3c ./Drivers/STM32L5xx_HAL_Driver/Src/stm32l5xx_hal_i2c.o
 .text.I2C_WaitOnFlagUntilTimeout
                0x08006462       0xb2 ./Drivers/STM32L5xx_HAL_Driver/Src/stm32l5xx_hal_i2c.o
 .text.I2C_WaitOnTXISFlagUntilTimeout
                0x08006514       0x8e ./Drivers/STM32L5xx_HAL_Driver/Src/stm32l5xx_hal_i2c.o
 .text.I2C_WaitOnSTOPFlagUntilTimeout
                0x080065a2       0x86 ./Drivers/STM32L5xx_HAL_Driver/Src/stm32l5xx_hal_i2c.o
 .text.I2C_IsErrorOccurred
                0x08006628      0x1c0 ./Drivers/STM32L5xx_HAL_Driver/Src/stm32l5xx_hal_i2c.o
 .text.I2C_TransferConfig
                0x080067e8       0x64 ./Drivers/STM32L5xx_HAL_Driver/Src/stm32l5xx_hal_i2c.o
 .text.I2C_Enable_IRQ
                0x0800684c      0x108 ./Drivers/STM32L5xx_HAL_Driver/Src/stm32l5xx_hal_i2c.o
 .text.I2C_Disable_IRQ
                0x08006954       0xbc ./Drivers/STM32L5xx_HAL_Driver/Src/stm32l5xx_hal_i2c.o
 .text.HAL_I2CEx_ConfigAnalogFilter
                0x08006a10       0x96 ./Drivers/STM32L5xx_HAL_Driver/Src/stm32l5xx_hal_i2c_ex.o
                0x08006a10                HAL_I2CEx_ConfigAnalogFilter
 .text.HAL_I2CEx_ConfigDigitalFilter
                0x08006aa6       0x98 ./Drivers/STM32L5xx_HAL_Driver/Src/stm32l5xx_hal_i2c_ex.o
                0x08006aa6                HAL_I2CEx_ConfigDigitalFilter
 *fill*         0x08006b3e        0x2 
 .text.HAL_ICACHE_Enable
                0x08006b40       0x20 ./Drivers/STM32L5xx_HAL_Driver/Src/stm32l5xx_hal_icache.o
                0x08006b40                HAL_ICACHE_Enable
 .text.HAL_PCD_Init
                0x08006b60      0x19c ./Drivers/STM32L5xx_HAL_Driver/Src/stm32l5xx_hal_pcd.o
                0x08006b60                HAL_PCD_Init
 .text.HAL_PCD_Start
                0x08006cfc       0x44 ./Drivers/STM32L5xx_HAL_Driver/Src/stm32l5xx_hal_pcd.o
                0x08006cfc                HAL_PCD_Start
 .text.HAL_PCD_IRQHandler
                0x08006d40      0x24e ./Drivers/STM32L5xx_HAL_Driver/Src/stm32l5xx_hal_pcd.o
                0x08006d40                HAL_PCD_IRQHandler
 .text.HAL_PCD_SetAddress
                0x08006f8e       0x48 ./Drivers/STM32L5xx_HAL_Driver/Src/stm32l5xx_hal_pcd.o
                0x08006f8e                HAL_PCD_SetAddress
 .text.HAL_PCD_EP_Open
                0x08006fd6       0xba ./Drivers/STM32L5xx_HAL_Driver/Src/stm32l5xx_hal_pcd.o
                0x08006fd6                HAL_PCD_EP_Open
 .text.HAL_PCD_EP_Close
                0x08007090       0x90 ./Drivers/STM32L5xx_HAL_Driver/Src/stm32l5xx_hal_pcd.o
                0x08007090                HAL_PCD_EP_Close
 .text.HAL_PCD_EP_Receive
                0x08007120       0x62 ./Drivers/STM32L5xx_HAL_Driver/Src/stm32l5xx_hal_pcd.o
                0x08007120                HAL_PCD_EP_Receive
 .text.HAL_PCD_EP_GetRxCount
                0x08007182       0x30 ./Drivers/STM32L5xx_HAL_Driver/Src/stm32l5xx_hal_pcd.o
                0x08007182                HAL_PCD_EP_GetRxCount
 .text.HAL_PCD_EP_Transmit
                0x080071b2       0x6e ./Drivers/STM32L5xx_HAL_Driver/Src/stm32l5xx_hal_pcd.o
                0x080071b2                HAL_PCD_EP_Transmit
 .text.HAL_PCD_EP_SetStall
                0x08007220       0xa4 ./Drivers/STM32L5xx_HAL_Driver/Src/stm32l5xx_hal_pcd.o
                0x08007220                HAL_PCD_EP_SetStall
 .text.HAL_PCD_EP_ClrStall
                0x080072c4       0xa8 ./Drivers/STM32L5xx_HAL_Driver/Src/stm32l5xx_hal_pcd.o
                0x080072c4                HAL_PCD_EP_ClrStall
 .text.PCD_EP_ISR_Handler
                0x0800736c      0x782 ./Drivers/STM32L5xx_HAL_Driver/Src/stm32l5xx_hal_pcd.o
 .text.HAL_PCD_EP_DB_Receive
                0x08007aee      0x212 ./Drivers/STM32L5xx_HAL_Driver/Src/stm32l5xx_hal_pcd.o
 .text.HAL_PCD_EP_DB_Transmit
                0x08007d00      0x7ec ./Drivers/STM32L5xx_HAL_Driver/Src/stm32l5xx_hal_pcd.o
 .text.HAL_PCDEx_PMAConfig
                0x080084ec       0x86 ./Drivers/STM32L5xx_HAL_Driver/Src/stm32l5xx_hal_pcd_ex.o
                0x080084ec                HAL_PCDEx_PMAConfig
 .text.HAL_PCDEx_ActivateLPM
                0x08008572       0x54 ./Drivers/STM32L5xx_HAL_Driver/Src/stm32l5xx_hal_pcd_ex.o
                0x08008572                HAL_PCDEx_ActivateLPM
 *fill*         0x080085c6        0x2 
 .text.HAL_PWREx_GetVoltageRange
                0x080085c8       0x1c ./Drivers/STM32L5xx_HAL_Driver/Src/stm32l5xx_hal_pwr_ex.o
                0x080085c8                HAL_PWREx_GetVoltageRange
 .text.HAL_PWREx_ControlVoltageScaling
                0x080085e4       0xb8 ./Drivers/STM32L5xx_HAL_Driver/Src/stm32l5xx_hal_pwr_ex.o
                0x080085e4                HAL_PWREx_ControlVoltageScaling
 .text.HAL_PWREx_EnableVddUSB
                0x0800869c       0x20 ./Drivers/STM32L5xx_HAL_Driver/Src/stm32l5xx_hal_pwr_ex.o
                0x0800869c                HAL_PWREx_EnableVddUSB
 .text.HAL_PWREx_DisableUCPDDeadBattery
                0x080086bc       0x20 ./Drivers/STM32L5xx_HAL_Driver/Src/stm32l5xx_hal_pwr_ex.o
                0x080086bc                HAL_PWREx_DisableUCPDDeadBattery
 .text.HAL_PWREx_SMPS_GetEffectiveMode
                0x080086dc       0x48 ./Drivers/STM32L5xx_HAL_Driver/Src/stm32l5xx_hal_pwr_ex.o
                0x080086dc                HAL_PWREx_SMPS_GetEffectiveMode
 .text.HAL_RCC_OscConfig
                0x08008724      0x9ac ./Drivers/STM32L5xx_HAL_Driver/Src/stm32l5xx_hal_rcc.o
                0x08008724                HAL_RCC_OscConfig
 .text.HAL_RCC_ClockConfig
                0x080090d0      0x270 ./Drivers/STM32L5xx_HAL_Driver/Src/stm32l5xx_hal_rcc.o
                0x080090d0                HAL_RCC_ClockConfig
 .text.HAL_RCC_GetSysClockFreq
                0x08009340      0x138 ./Drivers/STM32L5xx_HAL_Driver/Src/stm32l5xx_hal_rcc.o
                0x08009340                HAL_RCC_GetSysClockFreq
 .text.HAL_RCC_GetHCLKFreq
                0x08009478       0x28 ./Drivers/STM32L5xx_HAL_Driver/Src/stm32l5xx_hal_rcc.o
                0x08009478                HAL_RCC_GetHCLKFreq
 .text.HAL_RCC_GetPCLK1Freq
                0x080094a0       0x28 ./Drivers/STM32L5xx_HAL_Driver/Src/stm32l5xx_hal_rcc.o
                0x080094a0                HAL_RCC_GetPCLK1Freq
 .text.HAL_RCC_GetPCLK2Freq
                0x080094c8       0x28 ./Drivers/STM32L5xx_HAL_Driver/Src/stm32l5xx_hal_rcc.o
                0x080094c8                HAL_RCC_GetPCLK2Freq
 .text.RCC_SetFlashLatencyFromMSIRange
                0x080094f0       0xc8 ./Drivers/STM32L5xx_HAL_Driver/Src/stm32l5xx_hal_rcc.o
 .text.RCC_GetSysClockFreqFromPLLSource
                0x080095b8       0xd8 ./Drivers/STM32L5xx_HAL_Driver/Src/stm32l5xx_hal_rcc.o
 .text.HAL_RCCEx_PeriphCLKConfig
                0x08009690      0x708 ./Drivers/STM32L5xx_HAL_Driver/Src/stm32l5xx_hal_rcc_ex.o
                0x08009690                HAL_RCCEx_PeriphCLKConfig
 .text.RCCEx_PLLSAI1_Config
                0x08009d98      0x1cc ./Drivers/STM32L5xx_HAL_Driver/Src/stm32l5xx_hal_rcc_ex.o
 .text.RCCEx_PLLSAI2_Config
                0x08009f64      0x158 ./Drivers/STM32L5xx_HAL_Driver/Src/stm32l5xx_hal_rcc_ex.o
 .text.HAL_UART_Init
                0x0800a0bc       0xa0 ./Drivers/STM32L5xx_HAL_Driver/Src/stm32l5xx_hal_uart.o
                0x0800a0bc                HAL_UART_Init
 .text.UART_SetConfig
                0x0800a15c      0x600 ./Drivers/STM32L5xx_HAL_Driver/Src/stm32l5xx_hal_uart.o
                0x0800a15c                UART_SetConfig
 .text.UART_AdvFeatureConfig
                0x0800a75c      0x144 ./Drivers/STM32L5xx_HAL_Driver/Src/stm32l5xx_hal_uart.o
                0x0800a75c                UART_AdvFeatureConfig
 .text.UART_CheckIdleState
                0x0800a8a0      0x154 ./Drivers/STM32L5xx_HAL_Driver/Src/stm32l5xx_hal_uart.o
                0x0800a8a0                UART_CheckIdleState
 .text.UART_WaitOnFlagUntilTimeout
                0x0800a9f4       0xda ./Drivers/STM32L5xx_HAL_Driver/Src/stm32l5xx_hal_uart.o
                0x0800a9f4                UART_WaitOnFlagUntilTimeout
 .text.UART_EndRxTransfer
                0x0800aace       0xcc ./Drivers/STM32L5xx_HAL_Driver/Src/stm32l5xx_hal_uart.o
 .text.HAL_UARTEx_DisableFifoMode
                0x0800ab9a       0x72 ./Drivers/STM32L5xx_HAL_Driver/Src/stm32l5xx_hal_uart_ex.o
                0x0800ab9a                HAL_UARTEx_DisableFifoMode
 .text.HAL_UARTEx_SetTxFifoThreshold
                0x0800ac0c       0x7c ./Drivers/STM32L5xx_HAL_Driver/Src/stm32l5xx_hal_uart_ex.o
                0x0800ac0c                HAL_UARTEx_SetTxFifoThreshold
 .text.HAL_UARTEx_SetRxFifoThreshold
                0x0800ac88       0x7c ./Drivers/STM32L5xx_HAL_Driver/Src/stm32l5xx_hal_uart_ex.o
                0x0800ac88                HAL_UARTEx_SetRxFifoThreshold
 .text.UARTEx_SetNbDataToProcess
                0x0800ad04       0x9c ./Drivers/STM32L5xx_HAL_Driver/Src/stm32l5xx_hal_uart_ex.o
 .text.USB_EnableGlobalInt
                0x0800ada0       0x2e ./Drivers/STM32L5xx_HAL_Driver/Src/stm32l5xx_ll_usb.o
                0x0800ada0                USB_EnableGlobalInt
 .text.USB_DisableGlobalInt
                0x0800adce       0x36 ./Drivers/STM32L5xx_HAL_Driver/Src/stm32l5xx_ll_usb.o
                0x0800adce                USB_DisableGlobalInt
 .text.USB_DevInit
                0x0800ae04       0x3c ./Drivers/STM32L5xx_HAL_Driver/Src/stm32l5xx_ll_usb.o
                0x0800ae04                USB_DevInit
 .text.USB_ActivateEndpoint
                0x0800ae40      0x788 ./Drivers/STM32L5xx_HAL_Driver/Src/stm32l5xx_ll_usb.o
                0x0800ae40                USB_ActivateEndpoint
 .text.USB_DeactivateEndpoint
                0x0800b5c8      0x3da ./Drivers/STM32L5xx_HAL_Driver/Src/stm32l5xx_ll_usb.o
                0x0800b5c8                USB_DeactivateEndpoint
 .text.USB_EPStartXfer
                0x0800b9a2     0x1764 ./Drivers/STM32L5xx_HAL_Driver/Src/stm32l5xx_ll_usb.o
                0x0800b9a2                USB_EPStartXfer
 .text.USB_EPSetStall
                0x0800d106       0xa2 ./Drivers/STM32L5xx_HAL_Driver/Src/stm32l5xx_ll_usb.o
                0x0800d106                USB_EPSetStall
 .text.USB_EPClearStall
                0x0800d1a8      0x15c ./Drivers/STM32L5xx_HAL_Driver/Src/stm32l5xx_ll_usb.o
                0x0800d1a8                USB_EPClearStall
 .text.USB_SetDevAddress
                0x0800d304       0x28 ./Drivers/STM32L5xx_HAL_Driver/Src/stm32l5xx_ll_usb.o
                0x0800d304                USB_SetDevAddress
 .text.USB_DevConnect
                0x0800d32c       0x2e ./Drivers/STM32L5xx_HAL_Driver/Src/stm32l5xx_ll_usb.o
                0x0800d32c                USB_DevConnect
 .text.USB_ReadInterrupts
                0x0800d35a       0x20 ./Drivers/STM32L5xx_HAL_Driver/Src/stm32l5xx_ll_usb.o
                0x0800d35a                USB_ReadInterrupts
 .text.USB_WritePMA
                0x0800d37a       0x86 ./Drivers/STM32L5xx_HAL_Driver/Src/stm32l5xx_ll_usb.o
                0x0800d37a                USB_WritePMA
 .text.USB_ReadPMA
                0x0800d400       0x98 ./Drivers/STM32L5xx_HAL_Driver/Src/stm32l5xx_ll_usb.o
                0x0800d400                USB_ReadPMA
 .text.USBD_CDC_Init
                0x0800d498      0x1f0 ./Middlewares/ST/STM32_USB_Device_Library/Class/CDC/Src/usbd_cdc.o
 .text.USBD_CDC_DeInit
                0x0800d688      0x104 ./Middlewares/ST/STM32_USB_Device_Library/Class/CDC/Src/usbd_cdc.o
 .text.USBD_CDC_Setup
                0x0800d78c      0x1b8 ./Middlewares/ST/STM32_USB_Device_Library/Class/CDC/Src/usbd_cdc.o
 .text.USBD_CDC_DataIn
                0x0800d944       0xfe ./Middlewares/ST/STM32_USB_Device_Library/Class/CDC/Src/usbd_cdc.o
 .text.USBD_CDC_DataOut
                0x0800da42       0x70 ./Middlewares/ST/STM32_USB_Device_Library/Class/CDC/Src/usbd_cdc.o
 .text.USBD_CDC_EP0_RxReady
                0x0800dab2       0x74 ./Middlewares/ST/STM32_USB_Device_Library/Class/CDC/Src/usbd_cdc.o
 *fill*         0x0800db26        0x2 
 .text.USBD_CDC_GetFSCfgDesc
                0x0800db28       0x70 ./Middlewares/ST/STM32_USB_Device_Library/Class/CDC/Src/usbd_cdc.o
 .text.USBD_CDC_GetHSCfgDesc
                0x0800db98       0x70 ./Middlewares/ST/STM32_USB_Device_Library/Class/CDC/Src/usbd_cdc.o
 .text.USBD_CDC_GetOtherSpeedCfgDesc
                0x0800dc08       0x70 ./Middlewares/ST/STM32_USB_Device_Library/Class/CDC/Src/usbd_cdc.o
 .text.USBD_CDC_GetDeviceQualifierDescriptor
                0x0800dc78       0x20 ./Middlewares/ST/STM32_USB_Device_Library/Class/CDC/Src/usbd_cdc.o
                0x0800dc78                USBD_CDC_GetDeviceQualifierDescriptor
 .text.USBD_CDC_RegisterInterface
                0x0800dc98       0x34 ./Middlewares/ST/STM32_USB_Device_Library/Class/CDC/Src/usbd_cdc.o
                0x0800dc98                USBD_CDC_RegisterInterface
 .text.USBD_CDC_SetTxBuffer
                0x0800dccc       0x44 ./Middlewares/ST/STM32_USB_Device_Library/Class/CDC/Src/usbd_cdc.o
                0x0800dccc                USBD_CDC_SetTxBuffer
 .text.USBD_CDC_SetRxBuffer
                0x0800dd10       0x3a ./Middlewares/ST/STM32_USB_Device_Library/Class/CDC/Src/usbd_cdc.o
                0x0800dd10                USBD_CDC_SetRxBuffer
 *fill*         0x0800dd4a        0x2 
 .text.USBD_CDC_ReceivePacket
                0x0800dd4c       0x6c ./Middlewares/ST/STM32_USB_Device_Library/Class/CDC/Src/usbd_cdc.o
                0x0800dd4c                USBD_CDC_ReceivePacket
 .text.USBD_Init
                0x0800ddb8       0x60 ./Middlewares/ST/STM32_USB_Device_Library/Core/Src/usbd_core.o
                0x0800ddb8                USBD_Init
 .text.USBD_RegisterClass
                0x0800de18       0x6c ./Middlewares/ST/STM32_USB_Device_Library/Core/Src/usbd_core.o
                0x0800de18                USBD_RegisterClass
 .text.USBD_Start
                0x0800de84       0x18 ./Middlewares/ST/STM32_USB_Device_Library/Core/Src/usbd_core.o
                0x0800de84                USBD_Start
 .text.USBD_RunTestMode
                0x0800de9c       0x16 ./Middlewares/ST/STM32_USB_Device_Library/Core/Src/usbd_core.o
                0x0800de9c                USBD_RunTestMode
 .text.USBD_SetClassConfig
                0x0800deb2       0x38 ./Middlewares/ST/STM32_USB_Device_Library/Core/Src/usbd_core.o
                0x0800deb2                USBD_SetClassConfig
 .text.USBD_ClrClassConfig
                0x0800deea       0x34 ./Middlewares/ST/STM32_USB_Device_Library/Core/Src/usbd_core.o
                0x0800deea                USBD_ClrClassConfig
 .text.USBD_LL_SetupStage
                0x0800df1e       0xaa ./Middlewares/ST/STM32_USB_Device_Library/Core/Src/usbd_core.o
                0x0800df1e                USBD_LL_SetupStage
 .text.USBD_LL_DataOutStage
                0x0800dfc8      0x166 ./Middlewares/ST/STM32_USB_Device_Library/Core/Src/usbd_core.o
                0x0800dfc8                USBD_LL_DataOutStage
 .text.USBD_LL_DataInStage
                0x0800e12e      0x164 ./Middlewares/ST/STM32_USB_Device_Library/Core/Src/usbd_core.o
                0x0800e12e                USBD_LL_DataInStage
 .text.USBD_LL_Reset
                0x0800e292       0xa4 ./Middlewares/ST/STM32_USB_Device_Library/Core/Src/usbd_core.o
                0x0800e292                USBD_LL_Reset
 .text.USBD_LL_SetSpeed
                0x0800e336       0x20 ./Middlewares/ST/STM32_USB_Device_Library/Core/Src/usbd_core.o
                0x0800e336                USBD_LL_SetSpeed
 .text.USBD_LL_Suspend
                0x0800e356       0x38 ./Middlewares/ST/STM32_USB_Device_Library/Core/Src/usbd_core.o
                0x0800e356                USBD_LL_Suspend
 .text.USBD_LL_Resume
                0x0800e38e       0x30 ./Middlewares/ST/STM32_USB_Device_Library/Core/Src/usbd_core.o
                0x0800e38e                USBD_LL_Resume
 .text.USBD_LL_SOF
                0x0800e3be       0x40 ./Middlewares/ST/STM32_USB_Device_Library/Core/Src/usbd_core.o
                0x0800e3be                USBD_LL_SOF
 .text.USBD_CoreFindIF
                0x0800e3fe       0x1a ./Middlewares/ST/STM32_USB_Device_Library/Core/Src/usbd_core.o
                0x0800e3fe                USBD_CoreFindIF
 .text.USBD_CoreFindEP
                0x0800e418       0x1a ./Middlewares/ST/STM32_USB_Device_Library/Core/Src/usbd_core.o
                0x0800e418                USBD_CoreFindEP
 .text.USBD_GetEpDesc
                0x0800e432       0x70 ./Middlewares/ST/STM32_USB_Device_Library/Core/Src/usbd_core.o
                0x0800e432                USBD_GetEpDesc
 .text.USBD_GetNextDesc
                0x0800e4a2       0x38 ./Middlewares/ST/STM32_USB_Device_Library/Core/Src/usbd_core.o
                0x0800e4a2                USBD_GetNextDesc
 .text.SWAPBYTE
                0x0800e4da       0x3e ./Middlewares/ST/STM32_USB_Device_Library/Core/Src/usbd_ctlreq.o
 .text.USBD_StdDevReq
                0x0800e518       0xe4 ./Middlewares/ST/STM32_USB_Device_Library/Core/Src/usbd_ctlreq.o
                0x0800e518                USBD_StdDevReq
 .text.USBD_StdItfReq
                0x0800e5fc       0xd8 ./Middlewares/ST/STM32_USB_Device_Library/Core/Src/usbd_ctlreq.o
                0x0800e5fc                USBD_StdItfReq
 .text.USBD_StdEPReq
                0x0800e6d4      0x33a ./Middlewares/ST/STM32_USB_Device_Library/Core/Src/usbd_ctlreq.o
                0x0800e6d4                USBD_StdEPReq
 *fill*         0x0800ea0e        0x2 
 .text.USBD_GetDescriptor
                0x0800ea10      0x328 ./Middlewares/ST/STM32_USB_Device_Library/Core/Src/usbd_ctlreq.o
 .text.USBD_SetAddress
                0x0800ed38       0x88 ./Middlewares/ST/STM32_USB_Device_Library/Core/Src/usbd_ctlreq.o
 .text.USBD_SetConfig
                0x0800edc0      0x154 ./Middlewares/ST/STM32_USB_Device_Library/Core/Src/usbd_ctlreq.o
 .text.USBD_GetConfig
                0x0800ef14       0x6c ./Middlewares/ST/STM32_USB_Device_Library/Core/Src/usbd_ctlreq.o
 .text.USBD_GetStatus
                0x0800ef80       0x68 ./Middlewares/ST/STM32_USB_Device_Library/Core/Src/usbd_ctlreq.o
 .text.USBD_SetFeature
                0x0800efe8       0x52 ./Middlewares/ST/STM32_USB_Device_Library/Core/Src/usbd_ctlreq.o
 .text.USBD_ClrFeature
                0x0800f03a       0x44 ./Middlewares/ST/STM32_USB_Device_Library/Core/Src/usbd_ctlreq.o
 .text.USBD_ParseSetupRequest
                0x0800f07e       0x74 ./Middlewares/ST/STM32_USB_Device_Library/Core/Src/usbd_ctlreq.o
                0x0800f07e                USBD_ParseSetupRequest
 .text.USBD_CtlError
                0x0800f0f2       0x22 ./Middlewares/ST/STM32_USB_Device_Library/Core/Src/usbd_ctlreq.o
                0x0800f0f2                USBD_CtlError
 .text.USBD_GetString
                0x0800f114       0x8c ./Middlewares/ST/STM32_USB_Device_Library/Core/Src/usbd_ctlreq.o
                0x0800f114                USBD_GetString
 .text.USBD_GetLen
                0x0800f1a0       0x34 ./Middlewares/ST/STM32_USB_Device_Library/Core/Src/usbd_ctlreq.o
 .text.USBD_CtlSendData
                0x0800f1d4       0x36 ./Middlewares/ST/STM32_USB_Device_Library/Core/Src/usbd_ioreq.o
                0x0800f1d4                USBD_CtlSendData
 .text.USBD_CtlContinueSendData
                0x0800f20a       0x22 ./Middlewares/ST/STM32_USB_Device_Library/Core/Src/usbd_ioreq.o
                0x0800f20a                USBD_CtlContinueSendData
 .text.USBD_CtlPrepareRx
                0x0800f22c       0x3a ./Middlewares/ST/STM32_USB_Device_Library/Core/Src/usbd_ioreq.o
                0x0800f22c                USBD_CtlPrepareRx
 .text.USBD_CtlContinueRx
                0x0800f266       0x22 ./Middlewares/ST/STM32_USB_Device_Library/Core/Src/usbd_ioreq.o
                0x0800f266                USBD_CtlContinueRx
 .text.USBD_CtlSendStatus
                0x0800f288       0x26 ./Middlewares/ST/STM32_USB_Device_Library/Core/Src/usbd_ioreq.o
                0x0800f288                USBD_CtlSendStatus
 .text.USBD_CtlReceiveStatus
                0x0800f2ae       0x26 ./Middlewares/ST/STM32_USB_Device_Library/Core/Src/usbd_ioreq.o
                0x0800f2ae                USBD_CtlReceiveStatus
 .text.MX_USB_Device_Init
                0x0800f2d4       0x60 ./USB_Device/App/usb_device.o
                0x0800f2d4                MX_USB_Device_Init
 .text.CDC_Init_FS
                0x0800f334       0x28 ./USB_Device/App/usbd_cdc_if.o
 .text.CDC_DeInit_FS
                0x0800f35c       0x10 ./USB_Device/App/usbd_cdc_if.o
 .text.CDC_Control_FS
                0x0800f36c       0xbc ./USB_Device/App/usbd_cdc_if.o
 .text.CDC_Receive_FS
                0x0800f428       0x28 ./USB_Device/App/usbd_cdc_if.o
 .text.CDC_TransmitCplt_FS
                0x0800f450       0x22 ./USB_Device/App/usbd_cdc_if.o
 *fill*         0x0800f472        0x2 
 .text.USBD_CDC_DeviceDescriptor
                0x0800f474       0x24 ./USB_Device/App/usbd_desc.o
                0x0800f474                USBD_CDC_DeviceDescriptor
 .text.USBD_CDC_LangIDStrDescriptor
                0x0800f498       0x24 ./USB_Device/App/usbd_desc.o
                0x0800f498                USBD_CDC_LangIDStrDescriptor
 .text.USBD_CDC_ProductStrDescriptor
                0x0800f4bc       0x3c ./USB_Device/App/usbd_desc.o
                0x0800f4bc                USBD_CDC_ProductStrDescriptor
 .text.USBD_CDC_ManufacturerStrDescriptor
                0x0800f4f8       0x28 ./USB_Device/App/usbd_desc.o
                0x0800f4f8                USBD_CDC_ManufacturerStrDescriptor
 .text.USBD_CDC_SerialStrDescriptor
                0x0800f520       0x24 ./USB_Device/App/usbd_desc.o
                0x0800f520                USBD_CDC_SerialStrDescriptor
 .text.USBD_CDC_ConfigStrDescriptor
                0x0800f544       0x3c ./USB_Device/App/usbd_desc.o
                0x0800f544                USBD_CDC_ConfigStrDescriptor
 .text.USBD_CDC_InterfaceStrDescriptor
                0x0800f580       0x3c ./USB_Device/App/usbd_desc.o
                0x0800f580                USBD_CDC_InterfaceStrDescriptor
 .text.Get_SerialNum
                0x0800f5bc       0x58 ./USB_Device/App/usbd_desc.o
 .text.IntToUnicode
                0x0800f614       0x7e ./USB_Device/App/usbd_desc.o
 *fill*         0x0800f692        0x2 
 .text.HAL_PCD_MspInit
                0x0800f694       0xd0 ./USB_Device/Target/usbd_conf.o
                0x0800f694                HAL_PCD_MspInit
 .text.HAL_PCD_SetupStageCallback
                0x0800f764       0x24 ./USB_Device/Target/usbd_conf.o
                0x0800f764                HAL_PCD_SetupStageCallback
 .text.HAL_PCD_DataOutStageCallback
                0x0800f788       0x36 ./USB_Device/Target/usbd_conf.o
                0x0800f788                HAL_PCD_DataOutStageCallback
 .text.HAL_PCD_DataInStageCallback
                0x0800f7be       0x34 ./USB_Device/Target/usbd_conf.o
                0x0800f7be                HAL_PCD_DataInStageCallback
 .text.HAL_PCD_SOFCallback
                0x0800f7f2       0x1c ./USB_Device/Target/usbd_conf.o
                0x0800f7f2                HAL_PCD_SOFCallback
 .text.HAL_PCD_ResetCallback
                0x0800f80e       0x3c ./USB_Device/Target/usbd_conf.o
                0x0800f80e                HAL_PCD_ResetCallback
 *fill*         0x0800f84a        0x2 
 .text.HAL_PCD_SuspendCallback
                0x0800f84c       0x34 ./USB_Device/Target/usbd_conf.o
                0x0800f84c                HAL_PCD_SuspendCallback
 .text.HAL_PCD_ResumeCallback
                0x0800f880       0x38 ./USB_Device/Target/usbd_conf.o
                0x0800f880                HAL_PCD_ResumeCallback
 .text.USBD_LL_Init
                0x0800f8b8       0xc4 ./USB_Device/Target/usbd_conf.o
                0x0800f8b8                USBD_LL_Init
 .text.USBD_LL_Start
                0x0800f97c       0x36 ./USB_Device/Target/usbd_conf.o
                0x0800f97c                USBD_LL_Start
 .text.USBD_LL_OpenEP
                0x0800f9b2       0x4c ./USB_Device/Target/usbd_conf.o
                0x0800f9b2                USBD_LL_OpenEP
 .text.USBD_LL_CloseEP
                0x0800f9fe       0x3e ./USB_Device/Target/usbd_conf.o
                0x0800f9fe                USBD_LL_CloseEP
 .text.USBD_LL_StallEP
                0x0800fa3c       0x3e ./USB_Device/Target/usbd_conf.o
                0x0800fa3c                USBD_LL_StallEP
 .text.USBD_LL_ClearStallEP
                0x0800fa7a       0x3e ./USB_Device/Target/usbd_conf.o
                0x0800fa7a                USBD_LL_ClearStallEP
 .text.USBD_LL_IsStallEP
                0x0800fab8       0x58 ./USB_Device/Target/usbd_conf.o
                0x0800fab8                USBD_LL_IsStallEP
 .text.USBD_LL_SetUSBAddress
                0x0800fb10       0x3e ./USB_Device/Target/usbd_conf.o
                0x0800fb10                USBD_LL_SetUSBAddress
 .text.USBD_LL_Transmit
                0x0800fb4e       0x42 ./USB_Device/Target/usbd_conf.o
                0x0800fb4e                USBD_LL_Transmit
 .text.USBD_LL_PrepareReceive
                0x0800fb90       0x42 ./USB_Device/Target/usbd_conf.o
                0x0800fb90                USBD_LL_PrepareReceive
 .text.USBD_LL_GetRxDataSize
                0x0800fbd2       0x26 ./USB_Device/Target/usbd_conf.o
                0x0800fbd2                USBD_LL_GetRxDataSize
 .text.HAL_PCDEx_LPM_Callback
                0x0800fbf8       0x6c ./USB_Device/Target/usbd_conf.o
                0x0800fbf8                HAL_PCDEx_LPM_Callback
 .text.USBD_static_malloc
                0x0800fc64       0x1c ./USB_Device/Target/usbd_conf.o
                0x0800fc64                USBD_static_malloc
 .text.USBD_static_free
                0x0800fc80       0x14 ./USB_Device/Target/usbd_conf.o
                0x0800fc80                USBD_static_free
 .text.SystemClockConfig_Resume
                0x0800fc94        0xc ./USB_Device/Target/usbd_conf.o
 .text.USBD_Get_USB_Status
                0x0800fca0       0x58 ./USB_Device/Target/usbd_conf.o
 .text.snprintf
                0x0800fcf8       0x6c /Applications/STM32CubeIDE.app/Contents/Eclipse/plugins/com.st.stm32cube.ide.mcu.externaltools.gnu-tools-for-stm32.13.3.rel1.macos64_1.0.0.202411102158/tools/bin/../lib/gcc/arm-none-eabi/13.3.1/../../../../arm-none-eabi/lib/thumb/v8-m.main+fp/hard/libc_nano.a(libc_a-snprintf.o)
                0x0800fcf8                snprintf
                0x0800fcf8                sniprintf
 .text.memset   0x0800fd64       0x10 /Applications/STM32CubeIDE.app/Contents/Eclipse/plugins/com.st.stm32cube.ide.mcu.externaltools.gnu-tools-for-stm32.13.3.rel1.macos64_1.0.0.202411102158/tools/bin/../lib/gcc/arm-none-eabi/13.3.1/../../../../arm-none-eabi/lib/thumb/v8-m.main+fp/hard/libc_nano.a(libc_a-memset.o)
                0x0800fd64                memset
 .text.__errno  0x0800fd74        0xc /Applications/STM32CubeIDE.app/Contents/Eclipse/plugins/com.st.stm32cube.ide.mcu.externaltools.gnu-tools-for-stm32.13.3.rel1.macos64_1.0.0.202411102158/tools/bin/../lib/gcc/arm-none-eabi/13.3.1/../../../../arm-none-eabi/lib/thumb/v8-m.main+fp/hard/libc_nano.a(libc_a-errno.o)
                0x0800fd74                __errno
 .text.__libc_init_array
                0x0800fd80       0x48 /Applications/STM32CubeIDE.app/Contents/Eclipse/plugins/com.st.stm32cube.ide.mcu.externaltools.gnu-tools-for-stm32.13.3.rel1.macos64_1.0.0.202411102158/tools/bin/../lib/gcc/arm-none-eabi/13.3.1/../../../../arm-none-eabi/lib/thumb/v8-m.main+fp/hard/libc_nano.a(libc_a-init.o)
                0x0800fd80                __libc_init_array
 .text.__retarget_lock_acquire_recursive
                0x0800fdc8        0x2 /Applications/STM32CubeIDE.app/Contents/Eclipse/plugins/com.st.stm32cube.ide.mcu.externaltools.gnu-tools-for-stm32.13.3.rel1.macos64_1.0.0.202411102158/tools/bin/../lib/gcc/arm-none-eabi/13.3.1/../../../../arm-none-eabi/lib/thumb/v8-m.main+fp/hard/libc_nano.a(libc_a-lock.o)
                0x0800fdc8                __retarget_lock_acquire_recursive
 .text.__retarget_lock_release_recursive
                0x0800fdca        0x2 /Applications/STM32CubeIDE.app/Contents/Eclipse/plugins/com.st.stm32cube.ide.mcu.externaltools.gnu-tools-for-stm32.13.3.rel1.macos64_1.0.0.202411102158/tools/bin/../lib/gcc/arm-none-eabi/13.3.1/../../../../arm-none-eabi/lib/thumb/v8-m.main+fp/hard/libc_nano.a(libc_a-lock.o)
                0x0800fdca                __retarget_lock_release_recursive
 .text.memcpy   0x0800fdcc       0x1a /Applications/STM32CubeIDE.app/Contents/Eclipse/plugins/com.st.stm32cube.ide.mcu.externaltools.gnu-tools-for-stm32.13.3.rel1.macos64_1.0.0.202411102158/tools/bin/../lib/gcc/arm-none-eabi/13.3.1/../../../../arm-none-eabi/lib/thumb/v8-m.main+fp/hard/libc_nano.a(libc_a-memcpy-stub.o)
                0x0800fdcc                memcpy
 .text.__ssputs_r
                0x0800fde6       0xb6 /Applications/STM32CubeIDE.app/Contents/Eclipse/plugins/com.st.stm32cube.ide.mcu.externaltools.gnu-tools-for-stm32.13.3.rel1.macos64_1.0.0.202411102158/tools/bin/../lib/gcc/arm-none-eabi/13.3.1/../../../../arm-none-eabi/lib/thumb/v8-m.main+fp/hard/libc_nano.a(libc_a-nano-svfprintf.o)
                0x0800fde6                __ssputs_r
 .text._svfprintf_r
                0x0800fe9c      0x1f8 /Applications/STM32CubeIDE.app/Contents/Eclipse/plugins/com.st.stm32cube.ide.mcu.externaltools.gnu-tools-for-stm32.13.3.rel1.macos64_1.0.0.202411102158/tools/bin/../lib/gcc/arm-none-eabi/13.3.1/../../../../arm-none-eabi/lib/thumb/v8-m.main+fp/hard/libc_nano.a(libc_a-nano-svfprintf.o)
                0x0800fe9c                _svfprintf_r
                0x0800fe9c                _svfiprintf_r
 .text.sbrk_aligned
                0x08010094       0x44 /Applications/STM32CubeIDE.app/Contents/Eclipse/plugins/com.st.stm32cube.ide.mcu.externaltools.gnu-tools-for-stm32.13.3.rel1.macos64_1.0.0.202411102158/tools/bin/../lib/gcc/arm-none-eabi/13.3.1/../../../../arm-none-eabi/lib/thumb/v8-m.main+fp/hard/libc_nano.a(libc_a-mallocr.o)
 .text._malloc_r
                0x080100d8      0x100 /Applications/STM32CubeIDE.app/Contents/Eclipse/plugins/com.st.stm32cube.ide.mcu.externaltools.gnu-tools-for-stm32.13.3.rel1.macos64_1.0.0.202411102158/tools/bin/../lib/gcc/arm-none-eabi/13.3.1/../../../../arm-none-eabi/lib/thumb/v8-m.main+fp/hard/libc_nano.a(libc_a-mallocr.o)
                0x080100d8                _malloc_r
 .text._printf_common
                0x080101d8       0xe4 /Applications/STM32CubeIDE.app/Contents/Eclipse/plugins/com.st.stm32cube.ide.mcu.externaltools.gnu-tools-for-stm32.13.3.rel1.macos64_1.0.0.202411102158/tools/bin/../lib/gcc/arm-none-eabi/13.3.1/../../../../arm-none-eabi/lib/thumb/v8-m.main+fp/hard/libc_nano.a(libc_a-nano-vfprintf_i.o)
                0x080101d8                _printf_common
 .text._printf_i
                0x080102bc      0x23c /Applications/STM32CubeIDE.app/Contents/Eclipse/plugins/com.st.stm32cube.ide.mcu.externaltools.gnu-tools-for-stm32.13.3.rel1.macos64_1.0.0.202411102158/tools/bin/../lib/gcc/arm-none-eabi/13.3.1/../../../../arm-none-eabi/lib/thumb/v8-m.main+fp/hard/libc_nano.a(libc_a-nano-vfprintf_i.o)
                0x080102bc                _printf_i
 .text.__malloc_lock
                0x080104f8        0xc /Applications/STM32CubeIDE.app/Contents/Eclipse/plugins/com.st.stm32cube.ide.mcu.externaltools.gnu-tools-for-stm32.13.3.rel1.macos64_1.0.0.202411102158/tools/bin/../lib/gcc/arm-none-eabi/13.3.1/../../../../arm-none-eabi/lib/thumb/v8-m.main+fp/hard/libc_nano.a(libc_a-mlock.o)
                0x080104f8                __malloc_lock
 .text.__malloc_unlock
                0x08010504        0xc /Applications/STM32CubeIDE.app/Contents/Eclipse/plugins/com.st.stm32cube.ide.mcu.externaltools.gnu-tools-for-stm32.13.3.rel1.macos64_1.0.0.202411102158/tools/bin/../lib/gcc/arm-none-eabi/13.3.1/../../../../arm-none-eabi/lib/thumb/v8-m.main+fp/hard/libc_nano.a(libc_a-mlock.o)
                0x08010504                __malloc_unlock
 .text._realloc_r
                0x08010510       0x5c /Applications/STM32CubeIDE.app/Contents/Eclipse/plugins/com.st.stm32cube.ide.mcu.externaltools.gnu-tools-for-stm32.13.3.rel1.macos64_1.0.0.202411102158/tools/bin/../lib/gcc/arm-none-eabi/13.3.1/../../../../arm-none-eabi/lib/thumb/v8-m.main+fp/hard/libc_nano.a(libc_a-reallocr.o)
                0x08010510                _realloc_r
 .text.memmove  0x0801056c       0x34 /Applications/STM32CubeIDE.app/Contents/Eclipse/plugins/com.st.stm32cube.ide.mcu.externaltools.gnu-tools-for-stm32.13.3.rel1.macos64_1.0.0.202411102158/tools/bin/../lib/gcc/arm-none-eabi/13.3.1/../../../../arm-none-eabi/lib/thumb/v8-m.main+fp/hard/libc_nano.a(libc_a-memmove.o)
                0x0801056c                memmove
 .text._sbrk_r  0x080105a0       0x20 /Applications/STM32CubeIDE.app/Contents/Eclipse/plugins/com.st.stm32cube.ide.mcu.externaltools.gnu-tools-for-stm32.13.3.rel1.macos64_1.0.0.202411102158/tools/bin/../lib/gcc/arm-none-eabi/13.3.1/../../../../arm-none-eabi/lib/thumb/v8-m.main+fp/hard/libc_nano.a(libc_a-sbrkr.o)
                0x080105a0                _sbrk_r
 .text.memchr   0x080105c0       0x1c /Applications/STM32CubeIDE.app/Contents/Eclipse/plugins/com.st.stm32cube.ide.mcu.externaltools.gnu-tools-for-stm32.13.3.rel1.macos64_1.0.0.202411102158/tools/bin/../lib/gcc/arm-none-eabi/13.3.1/../../../../arm-none-eabi/lib/thumb/v8-m.main+fp/hard/libc_nano.a(libc_a-memchr-stub.o)
                0x080105c0                memchr
 .text._free_r  0x080105dc       0x94 /Applications/STM32CubeIDE.app/Contents/Eclipse/plugins/com.st.stm32cube.ide.mcu.externaltools.gnu-tools-for-stm32.13.3.rel1.macos64_1.0.0.202411102158/tools/bin/../lib/gcc/arm-none-eabi/13.3.1/../../../../arm-none-eabi/lib/thumb/v8-m.main+fp/hard/libc_nano.a(libc_a-freer.o)
                0x080105dc                _free_r
 .text._malloc_usable_size_r
                0x08010670       0x10 /Applications/STM32CubeIDE.app/Contents/Eclipse/plugins/com.st.stm32cube.ide.mcu.externaltools.gnu-tools-for-stm32.13.3.rel1.macos64_1.0.0.202411102158/tools/bin/../lib/gcc/arm-none-eabi/13.3.1/../../../../arm-none-eabi/lib/thumb/v8-m.main+fp/hard/libc_nano.a(libc_a-msizer.o)
                0x08010670                _malloc_usable_size_r
 *(.glue_7)
 .glue_7        0x08010680        0x0 linker stubs
 *(.glue_7t)
 .glue_7t       0x08010680        0x0 linker stubs
 *(.eh_frame)
 .eh_frame      0x08010680        0x0 /Applications/STM32CubeIDE.app/Contents/Eclipse/plugins/com.st.stm32cube.ide.mcu.externaltools.gnu-tools-for-stm32.13.3.rel1.macos64_1.0.0.202411102158/tools/bin/../lib/gcc/arm-none-eabi/13.3.1/thumb/v8-m.main+fp/hard/crtbegin.o
 *(.init)
 .init          0x08010680        0x4 /Applications/STM32CubeIDE.app/Contents/Eclipse/plugins/com.st.stm32cube.ide.mcu.externaltools.gnu-tools-for-stm32.13.3.rel1.macos64_1.0.0.202411102158/tools/bin/../lib/gcc/arm-none-eabi/13.3.1/thumb/v8-m.main+fp/hard/crti.o
                0x08010680                _init
 .init          0x08010684        0x8 /Applications/STM32CubeIDE.app/Contents/Eclipse/plugins/com.st.stm32cube.ide.mcu.externaltools.gnu-tools-for-stm32.13.3.rel1.macos64_1.0.0.202411102158/tools/bin/../lib/gcc/arm-none-eabi/13.3.1/thumb/v8-m.main+fp/hard/crtn.o
 *(.fini)
 .fini          0x0801068c        0x4 /Applications/STM32CubeIDE.app/Contents/Eclipse/plugins/com.st.stm32cube.ide.mcu.externaltools.gnu-tools-for-stm32.13.3.rel1.macos64_1.0.0.202411102158/tools/bin/../lib/gcc/arm-none-eabi/13.3.1/thumb/v8-m.main+fp/hard/crti.o
                0x0801068c                _fini
 .fini          0x08010690        0x8 /Applications/STM32CubeIDE.app/Contents/Eclipse/plugins/com.st.stm32cube.ide.mcu.externaltools.gnu-tools-for-stm32.13.3.rel1.macos64_1.0.0.202411102158/tools/bin/../lib/gcc/arm-none-eabi/13.3.1/thumb/v8-m.main+fp/hard/crtn.o
                0x08010698                        . = ALIGN (0x4)
                0x08010698                        _etext = .

.vfp11_veneer   0x08010698        0x0
 .vfp11_veneer  0x08010698        0x0 linker stubs

.v4_bx          0x08010698        0x0
 .v4_bx         0x08010698        0x0 linker stubs

.iplt           0x08010698        0x0
 .iplt          0x08010698        0x0 /Applications/STM32CubeIDE.app/Contents/Eclipse/plugins/com.st.stm32cube.ide.mcu.externaltools.gnu-tools-for-stm32.13.3.rel1.macos64_1.0.0.202411102158/tools/bin/../lib/gcc/arm-none-eabi/13.3.1/thumb/v8-m.main+fp/hard/crtbegin.o

.rodata         0x08010698      0xa98
                0x08010698                        . = ALIGN (0x4)
 *(.rodata)
 .rodata        0x08010698       0x20 ./Core/Src/main.o
 .rodata        0x080106b8       0x46 ./USB_Device/App/usbd_desc.o
 *(.rodata*)
 *fill*         0x080106fe        0x2 
 .rodata.Font7x10
                0x08010700      0x76c ./Core/Src/sh1106.o
                0x08010700                Font7x10
 .rodata.bfr_logo
                0x08010e6c      0x200 ./Core/Src/sh1106.o
                0x08010e6c                bfr_logo
 .rodata.AHBPrescTable
                0x0801106c       0x10 ./Core/Src/system_stm32l5xx.o
                0x0801106c                AHBPrescTable
 .rodata.APBPrescTable
                0x0801107c        0x8 ./Core/Src/system_stm32l5xx.o
                0x0801107c                APBPrescTable
 .rodata.MSIRangeTable
                0x08011084       0x40 ./Core/Src/system_stm32l5xx.o
                0x08011084                MSIRangeTable
 .rodata.DLCtoBytes
                0x080110c4       0x10 ./Drivers/STM32L5xx_HAL_Driver/Src/stm32l5xx_hal_fdcan.o
 .rodata.UARTPrescTable
                0x080110d4       0x18 ./Drivers/STM32L5xx_HAL_Driver/Src/stm32l5xx_hal_uart.o
                0x080110d4                UARTPrescTable
 .rodata.numerator.1
                0x080110ec        0x8 ./Drivers/STM32L5xx_HAL_Driver/Src/stm32l5xx_hal_uart_ex.o
 .rodata.denominator.0
                0x080110f4        0x8 ./Drivers/STM32L5xx_HAL_Driver/Src/stm32l5xx_hal_uart_ex.o
 .rodata._svfprintf_r.str1.1
                0x080110fc       0x33 /Applications/STM32CubeIDE.app/Contents/Eclipse/plugins/com.st.stm32cube.ide.mcu.externaltools.gnu-tools-for-stm32.13.3.rel1.macos64_1.0.0.202411102158/tools/bin/../lib/gcc/arm-none-eabi/13.3.1/../../../../arm-none-eabi/lib/thumb/v8-m.main+fp/hard/libc_nano.a(libc_a-nano-svfprintf.o)
                                 0x11 (size before relaxing)
 .rodata._printf_i.str1.1
                0x0801112f       0x22 /Applications/STM32CubeIDE.app/Contents/Eclipse/plugins/com.st.stm32cube.ide.mcu.externaltools.gnu-tools-for-stm32.13.3.rel1.macos64_1.0.0.202411102158/tools/bin/../lib/gcc/arm-none-eabi/13.3.1/../../../../arm-none-eabi/lib/thumb/v8-m.main+fp/hard/libc_nano.a(libc_a-nano-vfprintf_i.o)
                0x08011154                        . = ALIGN (0x4)
 *fill*         0x0801112f        0x1 

.ARM.extab      0x08011130        0x0
                0x08011130                        . = ALIGN (0x4)
 *(.ARM.extab* .gnu.linkonce.armextab.*)
                0x08011130                        . = ALIGN (0x4)

.ARM            0x08011130        0x8
                0x08011130                        . = ALIGN (0x4)
                0x08011130                        __exidx_start = .
 *(.ARM.exidx*)
 .ARM.exidx     0x08011130        0x8 /Applications/STM32CubeIDE.app/Contents/Eclipse/plugins/com.st.stm32cube.ide.mcu.externaltools.gnu-tools-for-stm32.13.3.rel1.macos64_1.0.0.202411102158/tools/bin/../lib/gcc/arm-none-eabi/13.3.1/thumb/v8-m.main+fp/hard/libgcc.a(_udivmoddi4.o)
                0x08011138                        __exidx_end = .
                0x08011138                        . = ALIGN (0x4)

.preinit_array  0x08011138        0x0
                0x08011138                        . = ALIGN (0x4)
                0x08011138                        PROVIDE (__preinit_array_start = .)
 *(.preinit_array*)
                0x08011138                        PROVIDE (__preinit_array_end = .)
                0x08011138                        . = ALIGN (0x4)

.init_array     0x08011138        0x4
                0x08011138                        . = ALIGN (0x4)
                0x08011138                        PROVIDE (__init_array_start = .)
 *(SORT_BY_NAME(.init_array.*))
 *(.init_array*)
 .init_array    0x08011138        0x4 /Applications/STM32CubeIDE.app/Contents/Eclipse/plugins/com.st.stm32cube.ide.mcu.externaltools.gnu-tools-for-stm32.13.3.rel1.macos64_1.0.0.202411102158/tools/bin/../lib/gcc/arm-none-eabi/13.3.1/thumb/v8-m.main+fp/hard/crtbegin.o
                0x0801113c                        PROVIDE (__init_array_end = .)
                0x0801113c                        . = ALIGN (0x4)

.fini_array     0x0801113c        0x4
                0x0801113c                        . = ALIGN (0x4)
                [!provide]                        PROVIDE (__fini_array_start = .)
 *(SORT_BY_NAME(.fini_array.*))
 *(.fini_array*)
 .fini_array    0x0801113c        0x4 /Applications/STM32CubeIDE.app/Contents/Eclipse/plugins/com.st.stm32cube.ide.mcu.externaltools.gnu-tools-for-stm32.13.3.rel1.macos64_1.0.0.202411102158/tools/bin/../lib/gcc/arm-none-eabi/13.3.1/thumb/v8-m.main+fp/hard/crtbegin.o
                [!provide]                        PROVIDE (__fini_array_end = .)
                0x08011140                        . = ALIGN (0x4)
                0x08011140                        _sidata = LOADADDR (.data)

.rel.dyn        0x08011140        0x0
 .rel.iplt      0x08011140        0x0 /Applications/STM32CubeIDE.app/Contents/Eclipse/plugins/com.st.stm32cube.ide.mcu.externaltools.gnu-tools-for-stm32.13.3.rel1.macos64_1.0.0.202411102158/tools/bin/../lib/gcc/arm-none-eabi/13.3.1/thumb/v8-m.main+fp/hard/crtbegin.o

.data           0x20000000      0x158 load address 0x08011140
                0x20000000                        . = ALIGN (0x4)
                0x20000000                        _sdata = .
 *(.data)
 *(.data*)
 .data.Font_7x10
                0x20000000        0x8 ./Core/Src/sh1106.o
                0x20000000                Font_7x10
 .data.SystemCoreClock
                0x20000008        0x4 ./Core/Src/system_stm32l5xx.o
                0x20000008                SystemCoreClock
 .data.uwTickPrio
                0x2000000c        0x4 ./Drivers/STM32L5xx_HAL_Driver/Src/stm32l5xx_hal.o
                0x2000000c                uwTickPrio
 .data.uwTickFreq
                0x20000010        0x1 ./Drivers/STM32L5xx_HAL_Driver/Src/stm32l5xx_hal.o
                0x20000010                uwTickFreq
 *fill*         0x20000011        0x3 
 .data.USBD_CDC_DeviceQualifierDesc
                0x20000014        0xa ./Middlewares/ST/STM32_USB_Device_Library/Class/CDC/Src/usbd_cdc.o
 *fill*         0x2000001e        0x2 
 .data.USBD_CDC
                0x20000020       0x38 ./Middlewares/ST/STM32_USB_Device_Library/Class/CDC/Src/usbd_cdc.o
                0x20000020                USBD_CDC
 .data.USBD_CDC_CfgDesc
                0x20000058       0x43 ./Middlewares/ST/STM32_USB_Device_Library/Class/CDC/Src/usbd_cdc.o
 .data.CDCInEpAdd
                0x2000009b        0x1 ./Middlewares/ST/STM32_USB_Device_Library/Class/CDC/Src/usbd_cdc.o
 .data.CDCOutEpAdd
                0x2000009c        0x1 ./Middlewares/ST/STM32_USB_Device_Library/Class/CDC/Src/usbd_cdc.o
 .data.CDCCmdEpAdd
                0x2000009d        0x1 ./Middlewares/ST/STM32_USB_Device_Library/Class/CDC/Src/usbd_cdc.o
 *fill*         0x2000009e        0x2 
 .data.USBD_Interface_fops_FS
                0x200000a0       0x14 ./USB_Device/App/usbd_cdc_if.o
                0x200000a0                USBD_Interface_fops_FS
 .data.CDC_Desc
                0x200000b4       0x20 ./USB_Device/App/usbd_desc.o
                0x200000b4                CDC_Desc
 .data.USBD_CDC_DeviceDesc
                0x200000d4       0x12 ./USB_Device/App/usbd_desc.o
                0x200000d4                USBD_CDC_DeviceDesc
 *fill*         0x200000e6        0x2 
 .data.USBD_LangIDDesc
                0x200000e8        0x4 ./USB_Device/App/usbd_desc.o
                0x200000e8                USBD_LangIDDesc
 .data.USBD_StringSerial
                0x200000ec       0x1a ./USB_Device/App/usbd_desc.o
                0x200000ec                USBD_StringSerial
 *fill*         0x20000106        0x2 
 .data._impure_ptr
                0x20000108        0x4 /Applications/STM32CubeIDE.app/Contents/Eclipse/plugins/com.st.stm32cube.ide.mcu.externaltools.gnu-tools-for-stm32.13.3.rel1.macos64_1.0.0.202411102158/tools/bin/../lib/gcc/arm-none-eabi/13.3.1/../../../../arm-none-eabi/lib/thumb/v8-m.main+fp/hard/libc_nano.a(libc_a-impure.o)
                0x20000108                _impure_ptr
 .data._impure_data
                0x2000010c       0x4c /Applications/STM32CubeIDE.app/Contents/Eclipse/plugins/com.st.stm32cube.ide.mcu.externaltools.gnu-tools-for-stm32.13.3.rel1.macos64_1.0.0.202411102158/tools/bin/../lib/gcc/arm-none-eabi/13.3.1/../../../../arm-none-eabi/lib/thumb/v8-m.main+fp/hard/libc_nano.a(libc_a-impure.o)
                0x2000010c                _impure_data
 *(.RamFunc)
 *(.RamFunc*)
                0x20000158                        . = ALIGN (0x4)
                0x20000158                        _edata = .

.igot.plt       0x20000158        0x0 load address 0x08011298
 .igot.plt      0x20000158        0x0 /Applications/STM32CubeIDE.app/Contents/Eclipse/plugins/com.st.stm32cube.ide.mcu.externaltools.gnu-tools-for-stm32.13.3.rel1.macos64_1.0.0.202411102158/tools/bin/../lib/gcc/arm-none-eabi/13.3.1/thumb/v8-m.main+fp/hard/crtbegin.o
                0x20000158                        . = ALIGN (0x4)

.bss            0x20000158     0xba2c load address 0x08011298
                0x20000158                        _sbss = .
                0x20000158                        __bss_start__ = _sbss
 *(.bss)
 .bss           0x20000158       0x1c /Applications/STM32CubeIDE.app/Contents/Eclipse/plugins/com.st.stm32cube.ide.mcu.externaltools.gnu-tools-for-stm32.13.3.rel1.macos64_1.0.0.202411102158/tools/bin/../lib/gcc/arm-none-eabi/13.3.1/thumb/v8-m.main+fp/hard/crtbegin.o
 *(.bss*)
 .bss.hadc1     0x20000174       0x68 ./Core/Src/adc.o
                0x20000174                hadc1
 .bss.hdma_adc1
                0x200001dc       0x68 ./Core/Src/adc.o
                0x200001dc                hdma_adc1
 .bss.hfdcan1   0x20000244       0x64 ./Core/Src/fdcan.o
                0x20000244                hfdcan1
 .bss.hi2c1     0x200002a8       0x54 ./Core/Src/i2c.o
                0x200002a8                hi2c1
 .bss.time      0x200002fc        0x4 ./Core/Src/main.o
                0x200002fc                time
 .bss.voltage   0x20000300        0x4 ./Core/Src/main.o
                0x20000300                voltage
 .bss.current   0x20000304        0x4 ./Core/Src/main.o
                0x20000304                current
 .bss.AD_RES    0x20000308       0x10 ./Core/Src/main.o
                0x20000308                AD_RES
 .bss.adc_ready
                0x20000318        0x1 ./Core/Src/main.o
                0x20000318                adc_ready
 *fill*         0x20000319        0x3 
 .bss.TxHeader  0x2000031c       0x24 ./Core/Src/main.o
                0x2000031c                TxHeader
 .bss.TxData    0x20000340        0x4 ./Core/Src/main.o
                0x20000340                TxData
 .bss.last_can_tx_time
                0x20000344        0x4 ./Core/Src/main.o
                0x20000344                last_can_tx_time
 .bss.last_display_time
                0x20000348        0x4 ./Core/Src/main.o
                0x20000348                last_display_time
 .bss.my_perfstats
                0x2000034c        0xc ./Core/Src/main.o
                0x2000034c                my_perfstats
 .bss.startTime
                0x20000358        0x4 ./Core/Src/main.o
                0x20000358                startTime
 .bss.SH1106_Buffer
                0x2000035c      0x400 ./Core/Src/sh1106.o
 .bss.SH1106    0x2000075c        0x6 ./Core/Src/sh1106.o
 *fill*         0x20000762        0x2 
 .bss.txQueue   0x20000764     0x9858 ./Core/Src/sh1106.o
 .bss.qHead     0x20009fbc        0x2 ./Core/Src/sh1106.o
 .bss.qTail     0x20009fbe        0x2 ./Core/Src/sh1106.o
 .bss.txBusy    0x20009fc0        0x1 ./Core/Src/sh1106.o
 *fill*         0x20009fc1        0x3 
 .bss.__sbrk_heap_end
                0x20009fc4        0x4 ./Core/Src/sysmem.o
 .bss.huart2    0x20009fc8       0x94 ./Core/Src/usart.o
                0x20009fc8                huart2
 .bss.uwTick    0x2000a05c        0x4 ./Drivers/STM32L5xx_HAL_Driver/Src/stm32l5xx_hal.o
                0x2000a05c                uwTick
 .bss.cfgidx.0  0x2000a060        0x1 ./Middlewares/ST/STM32_USB_Device_Library/Core/Src/usbd_ctlreq.o
 *fill*         0x2000a061        0x3 
 .bss.hUsbDeviceFS
                0x2000a064      0x2dc ./USB_Device/App/usb_device.o
                0x2000a064                hUsbDeviceFS
 .bss.UserRxBufferFS
                0x2000a340      0x800 ./USB_Device/App/usbd_cdc_if.o
                0x2000a340                UserRxBufferFS
 .bss.UserTxBufferFS
                0x2000ab40      0x800 ./USB_Device/App/usbd_cdc_if.o
                0x2000ab40                UserTxBufferFS
 .bss.USBD_StrDesc
                0x2000b340      0x200 ./USB_Device/App/usbd_desc.o
                0x2000b340                USBD_StrDesc
 .bss.hpcd_USB_FS
                0x2000b540      0x2dc ./USB_Device/Target/usbd_conf.o
                0x2000b540                hpcd_USB_FS
 .bss.mem.0     0x2000b81c      0x220 ./USB_Device/Target/usbd_conf.o
 .bss.__sf      0x2000ba3c      0x138 /Applications/STM32CubeIDE.app/Contents/Eclipse/plugins/com.st.stm32cube.ide.mcu.externaltools.gnu-tools-for-stm32.13.3.rel1.macos64_1.0.0.202411102158/tools/bin/../lib/gcc/arm-none-eabi/13.3.1/../../../../arm-none-eabi/lib/thumb/v8-m.main+fp/hard/libc_nano.a(libc_a-findfp.o)
                0x2000ba3c                __sf
 .bss.__lock___malloc_recursive_mutex
                0x2000bb74        0x1 /Applications/STM32CubeIDE.app/Contents/Eclipse/plugins/com.st.stm32cube.ide.mcu.externaltools.gnu-tools-for-stm32.13.3.rel1.macos64_1.0.0.202411102158/tools/bin/../lib/gcc/arm-none-eabi/13.3.1/../../../../arm-none-eabi/lib/thumb/v8-m.main+fp/hard/libc_nano.a(libc_a-lock.o)
                0x2000bb74                __lock___malloc_recursive_mutex
 *fill*         0x2000bb75        0x3 
 .bss.__malloc_sbrk_start
                0x2000bb78        0x4 /Applications/STM32CubeIDE.app/Contents/Eclipse/plugins/com.st.stm32cube.ide.mcu.externaltools.gnu-tools-for-stm32.13.3.rel1.macos64_1.0.0.202411102158/tools/bin/../lib/gcc/arm-none-eabi/13.3.1/../../../../arm-none-eabi/lib/thumb/v8-m.main+fp/hard/libc_nano.a(libc_a-mallocr.o)
                0x2000bb78                __malloc_sbrk_start
 .bss.__malloc_free_list
                0x2000bb7c        0x4 /Applications/STM32CubeIDE.app/Contents/Eclipse/plugins/com.st.stm32cube.ide.mcu.externaltools.gnu-tools-for-stm32.13.3.rel1.macos64_1.0.0.202411102158/tools/bin/../lib/gcc/arm-none-eabi/13.3.1/../../../../arm-none-eabi/lib/thumb/v8-m.main+fp/hard/libc_nano.a(libc_a-mallocr.o)
                0x2000bb7c                __malloc_free_list
 .bss.errno     0x2000bb80        0x4 /Applications/STM32CubeIDE.app/Contents/Eclipse/plugins/com.st.stm32cube.ide.mcu.externaltools.gnu-tools-for-stm32.13.3.rel1.macos64_1.0.0.202411102158/tools/bin/../lib/gcc/arm-none-eabi/13.3.1/../../../../arm-none-eabi/lib/thumb/v8-m.main+fp/hard/libc_nano.a(libc_a-reent.o)
                0x2000bb80                errno
 *(COMMON)
                0x2000bb84                        . = ALIGN (0x4)
                0x2000bb84                        _ebss = .
                0x2000bb84                        __bss_end__ = _ebss

._user_heap_stack
                0x2000bb84      0x604 load address 0x08011298
                0x2000bb88                        . = ALIGN (0x8)
 *fill*         0x2000bb84        0x4 
                [!provide]                        PROVIDE (end = .)
                0x2000bb88                        PROVIDE (_end = .)
                0x2000bd88                        . = (. + _Min_Heap_Size)
 *fill*         0x2000bb88      0x200 
                0x2000c188                        . = (. + _Min_Stack_Size)
 *fill*         0x2000bd88      0x400 
                0x2000c188                        . = ALIGN (0x8)

/DISCARD/
 libc.a(*)
 libm.a(*)
 libgcc.a(*)

.ARM.attributes
                0x00000000       0x36
 *(.ARM.attributes)
 .ARM.attributes
                0x00000000       0x26 /Applications/STM32CubeIDE.app/Contents/Eclipse/plugins/com.st.stm32cube.ide.mcu.externaltools.gnu-tools-for-stm32.13.3.rel1.macos64_1.0.0.202411102158/tools/bin/../lib/gcc/arm-none-eabi/13.3.1/thumb/v8-m.main+fp/hard/crti.o
 .ARM.attributes
                0x00000026       0x38 /Applications/STM32CubeIDE.app/Contents/Eclipse/plugins/com.st.stm32cube.ide.mcu.externaltools.gnu-tools-for-stm32.13.3.rel1.macos64_1.0.0.202411102158/tools/bin/../lib/gcc/arm-none-eabi/13.3.1/thumb/v8-m.main+fp/hard/crtbegin.o
 .ARM.attributes
                0x0000005e       0x3a ./Core/Src/adc.o
 .ARM.attributes
                0x00000098       0x3a ./Core/Src/dma.o
 .ARM.attributes
                0x000000d2       0x3a ./Core/Src/fdcan.o
 .ARM.attributes
                0x0000010c       0x3a ./Core/Src/gpio.o
 .ARM.attributes
                0x00000146       0x3a ./Core/Src/i2c.o
 .ARM.attributes
                0x00000180       0x3a ./Core/Src/icache.o
 .ARM.attributes
                0x000001ba       0x3a ./Core/Src/main.o
 .ARM.attributes
                0x000001f4       0x3a ./Core/Src/sh1106.o
 .ARM.attributes
                0x0000022e       0x3a ./Core/Src/stm32l5xx_hal_msp.o
 .ARM.attributes
                0x00000268       0x3a ./Core/Src/stm32l5xx_it.o
 .ARM.attributes
                0x000002a2       0x3a ./Core/Src/sysmem.o
 .ARM.attributes
                0x000002dc       0x3a ./Core/Src/system_stm32l5xx.o
 .ARM.attributes
                0x00000316       0x3a ./Core/Src/usart.o
 .ARM.attributes
                0x00000350       0x24 ./Core/Startup/startup_stm32l552cctx.o
 .ARM.attributes
                0x00000374       0x3a ./Drivers/STM32L5xx_HAL_Driver/Src/stm32l5xx_hal.o
 .ARM.attributes
                0x000003ae       0x3a ./Drivers/STM32L5xx_HAL_Driver/Src/stm32l5xx_hal_adc.o
 .ARM.attributes
                0x000003e8       0x3a ./Drivers/STM32L5xx_HAL_Driver/Src/stm32l5xx_hal_adc_ex.o
 .ARM.attributes
                0x00000422       0x3a ./Drivers/STM32L5xx_HAL_Driver/Src/stm32l5xx_hal_cortex.o
 .ARM.attributes
                0x0000045c       0x3a ./Drivers/STM32L5xx_HAL_Driver/Src/stm32l5xx_hal_dma.o
 .ARM.attributes
                0x00000496       0x3a ./Drivers/STM32L5xx_HAL_Driver/Src/stm32l5xx_hal_fdcan.o
 .ARM.attributes
                0x000004d0       0x3a ./Drivers/STM32L5xx_HAL_Driver/Src/stm32l5xx_hal_gpio.o
 .ARM.attributes
                0x0000050a       0x3a ./Drivers/STM32L5xx_HAL_Driver/Src/stm32l5xx_hal_i2c.o
 .ARM.attributes
                0x00000544       0x3a ./Drivers/STM32L5xx_HAL_Driver/Src/stm32l5xx_hal_i2c_ex.o
 .ARM.attributes
                0x0000057e       0x3a ./Drivers/STM32L5xx_HAL_Driver/Src/stm32l5xx_hal_icache.o
 .ARM.attributes
                0x000005b8       0x3a ./Drivers/STM32L5xx_HAL_Driver/Src/stm32l5xx_hal_pcd.o
 .ARM.attributes
                0x000005f2       0x3a ./Drivers/STM32L5xx_HAL_Driver/Src/stm32l5xx_hal_pcd_ex.o
 .ARM.attributes
                0x0000062c       0x3a ./Drivers/STM32L5xx_HAL_Driver/Src/stm32l5xx_hal_pwr_ex.o
 .ARM.attributes
                0x00000666       0x3a ./Drivers/STM32L5xx_HAL_Driver/Src/stm32l5xx_hal_rcc.o
 .ARM.attributes
                0x000006a0       0x3a ./Drivers/STM32L5xx_HAL_Driver/Src/stm32l5xx_hal_rcc_ex.o
 .ARM.attributes
                0x000006da       0x3a ./Drivers/STM32L5xx_HAL_Driver/Src/stm32l5xx_hal_uart.o
 .ARM.attributes
                0x00000714       0x3a ./Drivers/STM32L5xx_HAL_Driver/Src/stm32l5xx_hal_uart_ex.o
 .ARM.attributes
                0x0000074e       0x3a ./Drivers/STM32L5xx_HAL_Driver/Src/stm32l5xx_ll_usb.o
 .ARM.attributes
                0x00000788       0x3a ./Middlewares/ST/STM32_USB_Device_Library/Class/CDC/Src/usbd_cdc.o
 .ARM.attributes
                0x000007c2       0x3a ./Middlewares/ST/STM32_USB_Device_Library/Core/Src/usbd_core.o
 .ARM.attributes
                0x000007fc       0x3a ./Middlewares/ST/STM32_USB_Device_Library/Core/Src/usbd_ctlreq.o
 .ARM.attributes
                0x00000836       0x3a ./Middlewares/ST/STM32_USB_Device_Library/Core/Src/usbd_ioreq.o
 .ARM.attributes
                0x00000870       0x3a ./USB_Device/App/usb_device.o
 .ARM.attributes
                0x000008aa       0x3a ./USB_Device/App/usbd_cdc_if.o
 .ARM.attributes
                0x000008e4       0x3a ./USB_Device/App/usbd_desc.o
 .ARM.attributes
                0x0000091e       0x3a ./USB_Device/Target/usbd_conf.o
 .ARM.attributes