../Drivers/CMSIS/Include/core_cm33.h:2845:26:ITM_SendChar	16	static,ignoring_inline_asm
../Core/Src/main.c:71:5:main	8	static,ignoring_inline_asm
../Core/Src/main.c:124:6:SystemClock_Config	104	static
../Core/Src/main.c:173:13:MX_ICACHE_Init	8	static
../Core/Src/main.c:201:13:MX_RTC_Init	32	static
../Core/Src/main.c:248:13:MX_USART2_UART_Init	8	static
../Core/Src/main.c:296:13:MX_GPIO_Init	24	static
../Core/Src/main.c:320:5:_write	32	static
../Core/Src/main.c:332:6:Error_Handler	4	static,ignoring_inline_asm
